INRIAPerson/test_crop_256x512/pos/crop0016832.png
INRIAPerson/test_crop_256x512/pos/crop0016841.png
INRIAPerson/test_crop_256x512/pos/crop0016881.png
INRIAPerson/test_crop_256x512/pos/crop0016882.png
INRIAPerson/test_crop_256x512/pos/crop0017041.png
INRIAPerson/test_crop_256x512/pos/crop0017042.png
INRIAPerson/test_crop_256x512/pos/crop0017043.png
INRIAPerson/test_crop_256x512/pos/crop0017061.png
INRIAPerson/test_crop_256x512/pos/crop0017151.png
INRIAPerson/test_crop_256x512/pos/crop0017152.png
INRIAPerson/test_crop_256x512/pos/crop0017161.png
INRIAPerson/test_crop_256x512/pos/crop0017162.png
INRIAPerson/test_crop_256x512/pos/crop0017181.png
INRIAPerson/test_crop_256x512/pos/crop0017182.png
INRIAPerson/test_crop_256x512/pos/crop0017183.png
INRIAPerson/test_crop_256x512/pos/crop0017184.png
INRIAPerson/test_crop_256x512/pos/crop0017191.png
INRIAPerson/test_crop_256x512/pos/crop0017192.png
INRIAPerson/test_crop_256x512/pos/crop0017193.png
INRIAPerson/test_crop_256x512/pos/crop0017194.png
INRIAPerson/test_crop_256x512/pos/crop0017195.png
INRIAPerson/test_crop_256x512/pos/crop0017196.png
INRIAPerson/test_crop_256x512/pos/crop0017197.png
INRIAPerson/test_crop_256x512/pos/crop0017221.png
INRIAPerson/test_crop_256x512/pos/crop0017222.png
INRIAPerson/test_crop_256x512/pos/crop0017231.png
INRIAPerson/test_crop_256x512/pos/crop0017241.png
INRIAPerson/test_crop_256x512/pos/crop0017242.png
INRIAPerson/test_crop_256x512/pos/crop0017243.png
INRIAPerson/test_crop_256x512/pos/crop0017244.png
INRIAPerson/test_crop_256x512/pos/crop0017251.png
INRIAPerson/test_crop_256x512/pos/crop0017252.png
INRIAPerson/test_crop_256x512/pos/person_0071.png
INRIAPerson/test_crop_256x512/pos/person_0081.png
INRIAPerson/test_crop_256x512/pos/person_0091.png
INRIAPerson/test_crop_256x512/pos/person_0101.png
INRIAPerson/test_crop_256x512/pos/person_0102.png
INRIAPerson/test_crop_256x512/pos/person_0111.png
INRIAPerson/test_crop_256x512/pos/person_0121.png
INRIAPerson/test_crop_256x512/pos/person_0131.png
INRIAPerson/test_crop_256x512/pos/person_0141.png
INRIAPerson/test_crop_256x512/pos/person_0142.png
INRIAPerson/test_crop_256x512/pos/person_0151.png
INRIAPerson/test_crop_256x512/pos/person_0261.png
INRIAPerson/test_crop_256x512/pos/person_0281.png
INRIAPerson/test_crop_256x512/pos/person_0291.png
INRIAPerson/test_crop_256x512/pos/person_0301.png
INRIAPerson/test_crop_256x512/pos/person_0321.png
INRIAPerson/test_crop_256x512/pos/person_0331.png
INRIAPerson/test_crop_256x512/pos/person_0341.png
INRIAPerson/test_crop_256x512/pos/person_0361.png
INRIAPerson/test_crop_256x512/pos/person_0371.png
INRIAPerson/test_crop_256x512/pos/person_0381.png
INRIAPerson/test_crop_256x512/pos/person_0391.png
INRIAPerson/test_crop_256x512/pos/person_0401.png
INRIAPerson/test_crop_256x512/pos/person_0511.png
INRIAPerson/test_crop_256x512/pos/person_0521.png
INRIAPerson/test_crop_256x512/pos/person_0531.png
INRIAPerson/test_crop_256x512/pos/person_0551.png
INRIAPerson/test_crop_256x512/pos/person_0561.png
INRIAPerson/test_crop_256x512/pos/person_0581.png
INRIAPerson/test_crop_256x512/pos/person_0591.png
INRIAPerson/test_crop_256x512/pos/person_0621.png
INRIAPerson/test_crop_256x512/pos/person_0631.png
INRIAPerson/test_crop_256x512/pos/person_0641.png
INRIAPerson/test_crop_256x512/pos/person_0651.png
INRIAPerson/test_crop_256x512/pos/person_0701.png
INRIAPerson/test_crop_256x512/pos/person_0711.png
INRIAPerson/test_crop_256x512/pos/person_0731.png
INRIAPerson/test_crop_256x512/pos/person_0751.png
INRIAPerson/test_crop_256x512/pos/person_0761.png
INRIAPerson/test_crop_256x512/pos/person_0851.png
INRIAPerson/test_crop_256x512/pos/person_0852.png
