INRIAPerson/test_crop_128x256/pos/person_and_bike_0631.png
INRIAPerson/test_crop_128x256/pos/person_and_bike_0641.png
INRIAPerson/test_crop_128x256/pos/person_and_bike_0651.png
INRIAPerson/test_crop_128x256/pos/person_and_bike_0661.png
INRIAPerson/test_crop_128x256/pos/person_and_bike_0671.png
INRIAPerson/test_crop_128x256/pos/person_and_bike_0691.png
INRIAPerson/test_crop_128x256/pos/person_and_bike_0701.png
INRIAPerson/test_crop_128x256/pos/person_and_bike_0711.png
INRIAPerson/test_crop_128x256/pos/person_and_bike_0721.png
INRIAPerson/test_crop_128x256/pos/person_and_bike_0731.png
INRIAPerson/test_crop_128x256/pos/person_and_bike_0761.png
INRIAPerson/test_crop_128x256/pos/person_and_bike_0762.png
INRIAPerson/test_crop_128x256/pos/person_and_bike_0771.png
INRIAPerson/test_crop_128x256/pos/person_and_bike_0791.png
INRIAPerson/test_crop_128x256/pos/person_and_bike_0801.png
INRIAPerson/test_crop_128x256/pos/person_and_bike_0811.png
INRIAPerson/test_crop_128x256/pos/person_and_bike_0821.png
INRIAPerson/test_crop_128x256/pos/person_and_bike_0831.png
INRIAPerson/test_crop_128x256/pos/person_and_bike_0841.png
INRIAPerson/test_crop_128x256/pos/person_and_bike_0851.png
INRIAPerson/test_crop_128x256/pos/person_and_bike_0861.png
INRIAPerson/test_crop_128x256/pos/person_and_bike_0871.png
INRIAPerson/test_crop_128x256/pos/person_and_bike_0881.png
INRIAPerson/test_crop_128x256/pos/person_and_bike_0891.png
INRIAPerson/test_crop_128x256/pos/person_and_bike_0901.png
INRIAPerson/test_crop_128x256/pos/person_and_bike_0911.png
INRIAPerson/test_crop_128x256/pos/person_and_bike_0921.png
INRIAPerson/test_crop_128x256/pos/person_and_bike_0931.png
INRIAPerson/test_crop_128x256/pos/person_and_bike_0941.png
INRIAPerson/test_crop_128x256/pos/person_and_bike_0951.png
INRIAPerson/test_crop_128x256/pos/person_and_bike_0961.png
INRIAPerson/test_crop_128x256/pos/person_and_bike_0971.png
INRIAPerson/test_crop_128x256/pos/person_and_bike_0981.png
INRIAPerson/test_crop_128x256/pos/person_and_bike_0991.png
INRIAPerson/test_crop_128x256/pos/person_and_bike_1001.png
INRIAPerson/test_crop_128x256/pos/person_and_bike_1011.png
INRIAPerson/test_crop_128x256/pos/person_and_bike_1021.png
INRIAPerson/test_crop_128x256/pos/person_and_bike_1031.png
INRIAPerson/test_crop_128x256/pos/person_and_bike_1041.png
INRIAPerson/test_crop_128x256/pos/person_and_bike_1051.png
INRIAPerson/test_crop_128x256/pos/person_and_bike_1061.png
INRIAPerson/test_crop_128x256/pos/person_and_bike_1071.png
INRIAPerson/test_crop_128x256/pos/person_and_bike_1081.png
INRIAPerson/test_crop_128x256/pos/person_and_bike_1091.png
INRIAPerson/test_crop_128x256/pos/person_and_bike_1101.png
INRIAPerson/test_crop_128x256/pos/person_and_bike_1111.png
INRIAPerson/test_crop_128x256/pos/person_and_bike_1121.png
INRIAPerson/test_crop_128x256/pos/person_and_bike_1131.png
INRIAPerson/test_crop_128x256/pos/person_and_bike_1141.png
INRIAPerson/test_crop_128x256/pos/person_and_bike_1261.png
INRIAPerson/test_crop_128x256/pos/person_and_bike_1262.png
INRIAPerson/test_crop_128x256/pos/person_and_bike_1263.png
INRIAPerson/test_crop_128x256/pos/person_and_bike_1264.png
INRIAPerson/test_crop_128x256/pos/person_and_bike_1331.png
INRIAPerson/test_crop_128x256/pos/person_and_bike_1332.png
INRIAPerson/test_crop_128x256/pos/person_and_bike_1361.png
INRIAPerson/test_crop_128x256/pos/person_and_bike_1362.png
INRIAPerson/test_crop_128x256/pos/person_and_bike_1363.png
INRIAPerson/test_crop_128x256/pos/person_and_bike_1364.png
INRIAPerson/test_crop_128x256/pos/person_and_bike_1401.png
INRIAPerson/test_crop_128x256/pos/person_and_bike_1411.png
INRIAPerson/test_crop_128x256/pos/person_and_bike_1491.png
INRIAPerson/test_crop_128x256/pos/person_and_bike_1531.png
INRIAPerson/test_crop_128x256/pos/person_and_bike_1591.png
INRIAPerson/test_crop_128x256/pos/person_and_bike_1601.png
INRIAPerson/test_crop_128x256/pos/person_and_bike_1611.png
INRIAPerson/test_crop_128x256/pos/person_and_bike_1621.png
INRIAPerson/test_crop_128x256/pos/person_and_bike_1631.png
INRIAPerson/test_crop_128x256/pos/person_and_bike_1641.png
INRIAPerson/test_crop_128x256/pos/person_and_bike_1651.png
INRIAPerson/test_crop_128x256/pos/person_and_bike_1771.png
INRIAPerson/test_crop_128x256/pos/person_and_bike_1811.png
INRIAPerson/test_crop_128x256/pos/person_and_bike_1812.png
INRIAPerson/test_crop_128x256/pos/person_and_bike_1881.png
INRIAPerson/test_crop_128x256/pos/person_and_bike_1882.png
INRIAPerson/test_crop_128x256/pos/person_and_bike_1891.png
INRIAPerson/test_crop_128x256/pos/person_and_bike_1901.png
INRIAPerson/test_crop_128x256/pos/person_and_bike_1902.png
