INRIAPerson/test_crop_256x512/pos/person_3171.png
INRIAPerson/test_crop_256x512/pos/person_3172.png
INRIAPerson/test_crop_256x512/pos/person_3173.png
INRIAPerson/test_crop_256x512/pos/person_3181.png
INRIAPerson/test_crop_256x512/pos/person_3182.png
INRIAPerson/test_crop_256x512/pos/person_3231.png
INRIAPerson/test_crop_256x512/pos/person_3232.png
INRIAPerson/test_crop_256x512/pos/person_3251.png
INRIAPerson/test_crop_256x512/pos/person_3252.png
INRIAPerson/test_crop_256x512/pos/person_3351.png
INRIAPerson/test_crop_256x512/pos/person_3352.png
INRIAPerson/test_crop_256x512/pos/person_3353.png
INRIAPerson/test_crop_256x512/pos/person_3361.png
INRIAPerson/test_crop_256x512/pos/person_3362.png
INRIAPerson/test_crop_256x512/pos/person_3363.png
INRIAPerson/test_crop_256x512/pos/person_3364.png
INRIAPerson/test_crop_256x512/pos/person_3371.png
INRIAPerson/test_crop_256x512/pos/person_3372.png
INRIAPerson/test_crop_256x512/pos/person_3373.png
INRIAPerson/test_crop_256x512/pos/person_3374.png
INRIAPerson/test_crop_256x512/pos/person_3375.png
INRIAPerson/test_crop_256x512/pos/person_3471.png
INRIAPerson/test_crop_256x512/pos/person_3472.png
INRIAPerson/test_crop_256x512/pos/person_3473.png
INRIAPerson/test_crop_256x512/pos/person_3501.png
INRIAPerson/test_crop_256x512/pos/person_3502.png
INRIAPerson/test_crop_256x512/pos/person_3503.png
INRIAPerson/test_crop_256x512/pos/person_3504.png
INRIAPerson/test_crop_256x512/pos/person_and_bike_0041.png
INRIAPerson/test_crop_256x512/pos/person_and_bike_0061.png
INRIAPerson/test_crop_256x512/pos/person_and_bike_0062.png
INRIAPerson/test_crop_256x512/pos/person_and_bike_0121.png
INRIAPerson/test_crop_256x512/pos/person_and_bike_0122.png
INRIAPerson/test_crop_256x512/pos/person_and_bike_0123.png
INRIAPerson/test_crop_256x512/pos/person_and_bike_0141.png
INRIAPerson/test_crop_256x512/pos/person_and_bike_0142.png
INRIAPerson/test_crop_256x512/pos/person_and_bike_0271.png
INRIAPerson/test_crop_256x512/pos/person_and_bike_0272.png
INRIAPerson/test_crop_256x512/pos/person_and_bike_0281.png
INRIAPerson/test_crop_256x512/pos/person_and_bike_0282.png
INRIAPerson/test_crop_256x512/pos/person_and_bike_0283.png
INRIAPerson/test_crop_256x512/pos/person_and_bike_0284.png
INRIAPerson/test_crop_256x512/pos/person_and_bike_0285.png
INRIAPerson/test_crop_256x512/pos/person_and_bike_0286.png
INRIAPerson/test_crop_256x512/pos/person_and_bike_0291.png
INRIAPerson/test_crop_256x512/pos/person_and_bike_0292.png
INRIAPerson/test_crop_256x512/pos/person_and_bike_0351.png
INRIAPerson/test_crop_256x512/pos/person_and_bike_0352.png
INRIAPerson/test_crop_256x512/pos/person_and_bike_0381.png
INRIAPerson/test_crop_256x512/pos/person_and_bike_0382.png
INRIAPerson/test_crop_256x512/pos/person_and_bike_0383.png
INRIAPerson/test_crop_256x512/pos/person_and_bike_0384.png
INRIAPerson/test_crop_256x512/pos/person_and_bike_0421.png
INRIAPerson/test_crop_256x512/pos/person_and_bike_0431.png
INRIAPerson/test_crop_256x512/pos/person_and_bike_0441.png
INRIAPerson/test_crop_256x512/pos/person_and_bike_0451.png
INRIAPerson/test_crop_256x512/pos/person_and_bike_0461.png
INRIAPerson/test_crop_256x512/pos/person_and_bike_0471.png
INRIAPerson/test_crop_256x512/pos/person_and_bike_0481.png
INRIAPerson/test_crop_256x512/pos/person_and_bike_0491.png
INRIAPerson/test_crop_256x512/pos/person_and_bike_0501.png
INRIAPerson/test_crop_256x512/pos/person_and_bike_0511.png
INRIAPerson/test_crop_256x512/pos/person_and_bike_0521.png
INRIAPerson/test_crop_256x512/pos/person_and_bike_0531.png
INRIAPerson/test_crop_256x512/pos/person_and_bike_0541.png
INRIAPerson/test_crop_256x512/pos/person_and_bike_0551.png
INRIAPerson/test_crop_256x512/pos/person_and_bike_0561.png
INRIAPerson/test_crop_256x512/pos/person_and_bike_0571.png
INRIAPerson/test_crop_256x512/pos/person_and_bike_0581.png
INRIAPerson/test_crop_256x512/pos/person_and_bike_0591.png
INRIAPerson/test_crop_256x512/pos/person_and_bike_0601.png
INRIAPerson/test_crop_256x512/pos/person_and_bike_0611.png
INRIAPerson/test_crop_256x512/pos/person_and_bike_0621.png
