INRIAPerson/test_crop_256x512/pos/person_0871.png
INRIAPerson/test_crop_256x512/pos/person_0881.png
INRIAPerson/test_crop_256x512/pos/person_0882.png
INRIAPerson/test_crop_256x512/pos/person_0883.png
INRIAPerson/test_crop_256x512/pos/person_0884.png
INRIAPerson/test_crop_256x512/pos/person_0891.png
INRIAPerson/test_crop_256x512/pos/person_0901.png
INRIAPerson/test_crop_256x512/pos/person_0921.png
INRIAPerson/test_crop_256x512/pos/person_0931.png
INRIAPerson/test_crop_256x512/pos/person_0932.png
INRIAPerson/test_crop_256x512/pos/person_0941.png
INRIAPerson/test_crop_256x512/pos/person_0951.png
INRIAPerson/test_crop_256x512/pos/person_0952.png
INRIAPerson/test_crop_256x512/pos/person_0961.png
INRIAPerson/test_crop_256x512/pos/person_0962.png
INRIAPerson/test_crop_256x512/pos/person_0963.png
INRIAPerson/test_crop_256x512/pos/person_0981.png
INRIAPerson/test_crop_256x512/pos/person_0982.png
INRIAPerson/test_crop_256x512/pos/person_0983.png
INRIAPerson/test_crop_256x512/pos/person_0991.png
INRIAPerson/test_crop_256x512/pos/person_1001.png
INRIAPerson/test_crop_256x512/pos/person_1002.png
INRIAPerson/test_crop_256x512/pos/person_1041.png
INRIAPerson/test_crop_256x512/pos/person_1042.png
INRIAPerson/test_crop_256x512/pos/person_1043.png
INRIAPerson/test_crop_256x512/pos/person_1051.png
INRIAPerson/test_crop_256x512/pos/person_1052.png
INRIAPerson/test_crop_256x512/pos/person_1071.png
INRIAPerson/test_crop_256x512/pos/person_1072.png
INRIAPerson/test_crop_256x512/pos/person_1151.png
INRIAPerson/test_crop_256x512/pos/person_1152.png
INRIAPerson/test_crop_256x512/pos/person_1153.png
INRIAPerson/test_crop_256x512/pos/person_1181.png
INRIAPerson/test_crop_256x512/pos/person_1182.png
INRIAPerson/test_crop_256x512/pos/person_1201.png
INRIAPerson/test_crop_256x512/pos/person_1202.png
INRIAPerson/test_crop_256x512/pos/person_1221.png
INRIAPerson/test_crop_256x512/pos/person_1271.png
INRIAPerson/test_crop_256x512/pos/person_1272.png
INRIAPerson/test_crop_256x512/pos/person_1273.png
INRIAPerson/test_crop_256x512/pos/person_1274.png
INRIAPerson/test_crop_256x512/pos/person_1275.png
INRIAPerson/test_crop_256x512/pos/person_1321.png
INRIAPerson/test_crop_256x512/pos/person_1322.png
INRIAPerson/test_crop_256x512/pos/person_1323.png
INRIAPerson/test_crop_256x512/pos/person_1324.png
INRIAPerson/test_crop_256x512/pos/person_1325.png
INRIAPerson/test_crop_256x512/pos/person_1326.png
INRIAPerson/test_crop_256x512/pos/person_1327.png
INRIAPerson/test_crop_256x512/pos/person_1341.png
INRIAPerson/test_crop_256x512/pos/person_1342.png
INRIAPerson/test_crop_256x512/pos/person_1343.png
INRIAPerson/test_crop_256x512/pos/person_1344.png
INRIAPerson/test_crop_256x512/pos/person_1345.png
INRIAPerson/test_crop_256x512/pos/person_1351.png
INRIAPerson/test_crop_256x512/pos/person_1352.png
INRIAPerson/test_crop_256x512/pos/person_1353.png
INRIAPerson/test_crop_256x512/pos/person_1361.png
INRIAPerson/test_crop_256x512/pos/person_1362.png
INRIAPerson/test_crop_256x512/pos/person_1371.png
INRIAPerson/test_crop_256x512/pos/person_1372.png
INRIAPerson/test_crop_256x512/pos/person_1373.png
INRIAPerson/test_crop_256x512/pos/person_1374.png
INRIAPerson/test_crop_256x512/pos/person_1375.png
INRIAPerson/test_crop_256x512/pos/person_1381.png
INRIAPerson/test_crop_256x512/pos/person_1382.png
INRIAPerson/test_crop_256x512/pos/person_1383.png
INRIAPerson/test_crop_256x512/pos/person_1591.png
INRIAPerson/test_crop_256x512/pos/person_1592.png
INRIAPerson/test_crop_256x512/pos/person_1593.png
INRIAPerson/test_crop_256x512/pos/person_1594.png
INRIAPerson/test_crop_256x512/pos/person_1595.png
INRIAPerson/test_crop_256x512/pos/person_1611.png
