INRIAPerson/train_crop_256x512/pos/crop_000010.png
INRIAPerson/train_crop_256x512/pos/crop_000011.png
INRIAPerson/train_crop_256x512/pos/crop_000603.png
INRIAPerson/train_crop_256x512/pos/crop_000606.png
INRIAPerson/train_crop_256x512/pos/crop_000607.png
INRIAPerson/train_crop_256x512/pos/crop_000608.png
INRIAPerson/train_crop_256x512/pos/crop001001.png
INRIAPerson/train_crop_256x512/pos/crop001002.png
INRIAPerson/train_crop_256x512/pos/crop001003.png
INRIAPerson/train_crop_256x512/pos/crop001004.png
INRIAPerson/train_crop_256x512/pos/crop001005.png
INRIAPerson/train_crop_256x512/pos/crop001006.png
INRIAPerson/train_crop_256x512/pos/crop001007.png
INRIAPerson/train_crop_256x512/pos/crop001008.png
INRIAPerson/train_crop_256x512/pos/crop001009.png
INRIAPerson/train_crop_256x512/pos/crop001010.png
INRIAPerson/train_crop_256x512/pos/crop001011.png
INRIAPerson/train_crop_256x512/pos/crop001012.png
INRIAPerson/train_crop_256x512/pos/crop001013.png
INRIAPerson/train_crop_256x512/pos/crop001014.png
INRIAPerson/train_crop_256x512/pos/crop001015.png
INRIAPerson/train_crop_256x512/pos/crop001016.png
INRIAPerson/train_crop_256x512/pos/crop001017.png
INRIAPerson/train_crop_256x512/pos/crop001018.png
INRIAPerson/train_crop_256x512/pos/crop001019.png
INRIAPerson/train_crop_256x512/pos/crop001020.png
INRIAPerson/train_crop_256x512/pos/crop001021.png
INRIAPerson/train_crop_256x512/pos/crop001022.png
INRIAPerson/train_crop_256x512/pos/crop001023.png
INRIAPerson/train_crop_256x512/pos/crop001024.png
INRIAPerson/train_crop_256x512/pos/crop001025.png
INRIAPerson/train_crop_256x512/pos/crop001026.png
INRIAPerson/train_crop_256x512/pos/crop001027.png
INRIAPerson/train_crop_256x512/pos/crop001028.png
INRIAPerson/train_crop_256x512/pos/crop001029.png
INRIAPerson/train_crop_256x512/pos/crop001030.png
INRIAPerson/train_crop_256x512/pos/crop001031.png
INRIAPerson/train_crop_256x512/pos/crop001032.png
INRIAPerson/train_crop_256x512/pos/crop001033.png
INRIAPerson/train_crop_256x512/pos/crop001034.png
INRIAPerson/train_crop_256x512/pos/crop001035.png
INRIAPerson/train_crop_256x512/pos/crop001036.png
INRIAPerson/train_crop_256x512/pos/crop001037.png
INRIAPerson/train_crop_256x512/pos/crop001038.png
INRIAPerson/train_crop_256x512/pos/crop001039.png
INRIAPerson/train_crop_256x512/pos/crop001040.png
INRIAPerson/train_crop_256x512/pos/crop001042.png
INRIAPerson/train_crop_256x512/pos/crop001043.png
INRIAPerson/train_crop_256x512/pos/crop001044.png
INRIAPerson/train_crop_256x512/pos/crop001045.png
INRIAPerson/train_crop_256x512/pos/crop001046.png
INRIAPerson/train_crop_256x512/pos/crop001047.png
INRIAPerson/train_crop_256x512/pos/crop001048.png
INRIAPerson/train_crop_256x512/pos/crop001049.png
INRIAPerson/train_crop_256x512/pos/crop001050.png
INRIAPerson/train_crop_256x512/pos/crop001051.png
INRIAPerson/train_crop_256x512/pos/crop001052.png
INRIAPerson/train_crop_256x512/pos/crop001053.png
INRIAPerson/train_crop_256x512/pos/crop001054.png
INRIAPerson/train_crop_256x512/pos/crop001055.png
INRIAPerson/train_crop_256x512/pos/crop001056.png
INRIAPerson/train_crop_256x512/pos/crop001057.png
INRIAPerson/train_crop_256x512/pos/crop001058.png
INRIAPerson/train_crop_256x512/pos/crop001059.png
INRIAPerson/train_crop_256x512/pos/crop001060.png
INRIAPerson/train_crop_256x512/pos/crop001061.png
INRIAPerson/train_crop_256x512/pos/crop001063.png
INRIAPerson/train_crop_256x512/pos/crop001064.png
INRIAPerson/train_crop_256x512/pos/crop001066.png
INRIAPerson/train_crop_256x512/pos/crop001068.png
INRIAPerson/train_crop_256x512/pos/crop001069.png
INRIAPerson/train_crop_256x512/pos/crop001070.png
INRIAPerson/train_crop_256x512/pos/crop001071.png
INRIAPerson/train_crop_256x512/pos/crop001072.png
INRIAPerson/train_crop_256x512/pos/crop001073.png
INRIAPerson/train_crop_256x512/pos/crop001074.png
INRIAPerson/train_crop_256x512/pos/crop001075.png
INRIAPerson/train_crop_256x512/pos/crop001078.png
INRIAPerson/train_crop_256x512/pos/crop001079.png
INRIAPerson/train_crop_256x512/pos/crop001081.png
INRIAPerson/train_crop_256x512/pos/crop001083.png
INRIAPerson/train_crop_256x512/pos/crop001084.png
INRIAPerson/train_crop_256x512/pos/crop001085.png
INRIAPerson/train_crop_256x512/pos/crop001086.png
INRIAPerson/train_crop_256x512/pos/crop001087.png
INRIAPerson/train_crop_256x512/pos/crop001088.png
INRIAPerson/train_crop_256x512/pos/crop001089.png
INRIAPerson/train_crop_256x512/pos/crop001090.png
INRIAPerson/train_crop_256x512/pos/crop001091.png
INRIAPerson/train_crop_256x512/pos/crop001092.png
INRIAPerson/train_crop_256x512/pos/crop001093.png
INRIAPerson/train_crop_256x512/pos/crop001094.png
INRIAPerson/train_crop_256x512/pos/crop001095.png
INRIAPerson/train_crop_256x512/pos/crop001096.png
INRIAPerson/train_crop_256x512/pos/crop001097.png
INRIAPerson/train_crop_256x512/pos/crop001098.png
INRIAPerson/train_crop_256x512/pos/crop001099.png
INRIAPerson/train_crop_256x512/pos/crop001102.png
INRIAPerson/train_crop_256x512/pos/crop001103.png
INRIAPerson/train_crop_256x512/pos/crop001104.png
INRIAPerson/train_crop_256x512/pos/crop001105.png
INRIAPerson/train_crop_256x512/pos/crop001106.png
INRIAPerson/train_crop_256x512/pos/crop001107.png
INRIAPerson/train_crop_256x512/pos/crop001108.png
INRIAPerson/train_crop_256x512/pos/crop001109.png
INRIAPerson/train_crop_256x512/pos/crop001110.png
INRIAPerson/train_crop_256x512/pos/crop001111.png
INRIAPerson/train_crop_256x512/pos/crop001112.png
INRIAPerson/train_crop_256x512/pos/crop001113.png
INRIAPerson/train_crop_256x512/pos/crop001114.png
INRIAPerson/train_crop_256x512/pos/crop001115.png
INRIAPerson/train_crop_256x512/pos/crop001116.png
INRIAPerson/train_crop_256x512/pos/crop001119.png
INRIAPerson/train_crop_256x512/pos/crop001120.png
INRIAPerson/train_crop_256x512/pos/crop001121.png
INRIAPerson/train_crop_256x512/pos/crop001122.png
INRIAPerson/train_crop_256x512/pos/crop001123.png
INRIAPerson/train_crop_256x512/pos/crop001124.png
INRIAPerson/train_crop_256x512/pos/crop001125.png
INRIAPerson/train_crop_256x512/pos/crop001126.png
INRIAPerson/train_crop_256x512/pos/crop001127.png
INRIAPerson/train_crop_256x512/pos/crop001128.png
INRIAPerson/train_crop_256x512/pos/crop001129.png
INRIAPerson/train_crop_256x512/pos/crop001130.png
INRIAPerson/train_crop_256x512/pos/crop001131.png
INRIAPerson/train_crop_256x512/pos/crop001132.png
INRIAPerson/train_crop_256x512/pos/crop001133.png
INRIAPerson/train_crop_256x512/pos/crop001134.png
INRIAPerson/train_crop_256x512/pos/crop001135.png
INRIAPerson/train_crop_256x512/pos/crop001136.png
INRIAPerson/train_crop_256x512/pos/crop001137.png
INRIAPerson/train_crop_256x512/pos/crop001138.png
INRIAPerson/train_crop_256x512/pos/crop001140.png
INRIAPerson/train_crop_256x512/pos/crop001141.png
INRIAPerson/train_crop_256x512/pos/crop001142.png
INRIAPerson/train_crop_256x512/pos/crop001143.png
INRIAPerson/train_crop_256x512/pos/crop001144.png
INRIAPerson/train_crop_256x512/pos/crop001145.png
INRIAPerson/train_crop_256x512/pos/crop001146.png
INRIAPerson/train_crop_256x512/pos/crop001147.png
INRIAPerson/train_crop_256x512/pos/crop001148.png
INRIAPerson/train_crop_256x512/pos/crop001149.png
INRIAPerson/train_crop_256x512/pos/crop001150.png
INRIAPerson/train_crop_256x512/pos/crop001151.png
INRIAPerson/train_crop_256x512/pos/crop001152.png
INRIAPerson/train_crop_256x512/pos/crop001153.png
INRIAPerson/train_crop_256x512/pos/crop001154.png
INRIAPerson/train_crop_256x512/pos/crop001155.png
INRIAPerson/train_crop_256x512/pos/crop001156.png
INRIAPerson/train_crop_256x512/pos/crop001158.png
INRIAPerson/train_crop_256x512/pos/crop001160.png
INRIAPerson/train_crop_256x512/pos/crop001162.png
INRIAPerson/train_crop_256x512/pos/crop001163.png
INRIAPerson/train_crop_256x512/pos/crop001164.png
INRIAPerson/train_crop_256x512/pos/crop001200.png
INRIAPerson/train_crop_256x512/pos/crop001201.png
INRIAPerson/train_crop_256x512/pos/crop001202.png
INRIAPerson/train_crop_256x512/pos/crop001205.png
INRIAPerson/train_crop_256x512/pos/crop001206.png
INRIAPerson/train_crop_256x512/pos/crop001207.png
INRIAPerson/train_crop_256x512/pos/crop001208.png
INRIAPerson/train_crop_256x512/pos/crop001210.png
INRIAPerson/train_crop_256x512/pos/crop001211.png
INRIAPerson/train_crop_256x512/pos/crop001212.png
INRIAPerson/train_crop_256x512/pos/crop001213.png
INRIAPerson/train_crop_256x512/pos/crop001214.png
INRIAPerson/train_crop_256x512/pos/crop001216.png
INRIAPerson/train_crop_256x512/pos/crop001217.png
INRIAPerson/train_crop_256x512/pos/crop001218.png
INRIAPerson/train_crop_256x512/pos/crop001219.png
INRIAPerson/train_crop_256x512/pos/crop001220.png
INRIAPerson/train_crop_256x512/pos/crop001222.png
INRIAPerson/train_crop_256x512/pos/crop001230.png
INRIAPerson/train_crop_256x512/pos/crop001231.png
INRIAPerson/train_crop_256x512/pos/crop001232.png
INRIAPerson/train_crop_256x512/pos/crop001234.png
INRIAPerson/train_crop_256x512/pos/crop001235.png
INRIAPerson/train_crop_256x512/pos/crop001236.png
INRIAPerson/train_crop_256x512/pos/crop001237.png
INRIAPerson/train_crop_256x512/pos/crop001238.png
INRIAPerson/train_crop_256x512/pos/crop001241.png
INRIAPerson/train_crop_256x512/pos/crop001242.png
INRIAPerson/train_crop_256x512/pos/crop001246.png
INRIAPerson/train_crop_256x512/pos/crop001247.png
INRIAPerson/train_crop_256x512/pos/crop001248.png
INRIAPerson/train_crop_256x512/pos/crop001250.png
INRIAPerson/train_crop_256x512/pos/crop001251.png
INRIAPerson/train_crop_256x512/pos/crop001252.png
INRIAPerson/train_crop_256x512/pos/crop001253.png
INRIAPerson/train_crop_256x512/pos/crop001254.png
INRIAPerson/train_crop_256x512/pos/crop001255.png
INRIAPerson/train_crop_256x512/pos/crop001256.png
INRIAPerson/train_crop_256x512/pos/crop001257.png
INRIAPerson/train_crop_256x512/pos/crop001258.png
INRIAPerson/train_crop_256x512/pos/crop001259.png
INRIAPerson/train_crop_256x512/pos/crop001260.png
INRIAPerson/train_crop_256x512/pos/crop001263.png
INRIAPerson/train_crop_256x512/pos/crop001264.png
INRIAPerson/train_crop_256x512/pos/crop001265.png
INRIAPerson/train_crop_256x512/pos/crop001267.png
INRIAPerson/train_crop_256x512/pos/crop001268.png
INRIAPerson/train_crop_256x512/pos/crop001270.png
INRIAPerson/train_crop_256x512/pos/crop001271.png
INRIAPerson/train_crop_256x512/pos/crop001272.png
INRIAPerson/train_crop_256x512/pos/crop001273.png
INRIAPerson/train_crop_256x512/pos/crop001274.png
INRIAPerson/train_crop_256x512/pos/crop001275.png
INRIAPerson/train_crop_256x512/pos/crop001276.png
INRIAPerson/train_crop_256x512/pos/crop001278.png
INRIAPerson/train_crop_256x512/pos/crop001500.png
INRIAPerson/train_crop_256x512/pos/crop001503.png
INRIAPerson/train_crop_256x512/pos/crop001505.png
INRIAPerson/train_crop_256x512/pos/crop001506.png
INRIAPerson/train_crop_256x512/pos/crop001507.png
INRIAPerson/train_crop_256x512/pos/crop001508.png
INRIAPerson/train_crop_256x512/pos/crop001509.png
INRIAPerson/train_crop_256x512/pos/crop001510.png
INRIAPerson/train_crop_256x512/pos/crop001513.png
INRIAPerson/train_crop_256x512/pos/crop001515.png
INRIAPerson/train_crop_256x512/pos/crop001516.png
INRIAPerson/train_crop_256x512/pos/crop001517.png
INRIAPerson/train_crop_256x512/pos/crop001518.png
INRIAPerson/train_crop_256x512/pos/crop001519.png
INRIAPerson/train_crop_256x512/pos/crop001523.png
INRIAPerson/train_crop_256x512/pos/crop001524.png
INRIAPerson/train_crop_256x512/pos/crop001525.png
INRIAPerson/train_crop_256x512/pos/crop001526.png
INRIAPerson/train_crop_256x512/pos/crop001527.png
INRIAPerson/train_crop_256x512/pos/crop001528.png
INRIAPerson/train_crop_256x512/pos/crop001529.png
INRIAPerson/train_crop_256x512/pos/crop001530.png
INRIAPerson/train_crop_256x512/pos/crop001532.png
INRIAPerson/train_crop_256x512/pos/crop001534.png
INRIAPerson/train_crop_256x512/pos/crop001536.png
INRIAPerson/train_crop_256x512/pos/crop001537.png
INRIAPerson/train_crop_256x512/pos/crop001538.png
INRIAPerson/train_crop_256x512/pos/crop001539.png
INRIAPerson/train_crop_256x512/pos/crop001540.png
INRIAPerson/train_crop_256x512/pos/crop001541.png
INRIAPerson/train_crop_256x512/pos/crop001542.png
INRIAPerson/train_crop_256x512/pos/crop001543.png
INRIAPerson/train_crop_256x512/pos/crop001547.png
INRIAPerson/train_crop_256x512/pos/crop001548.png
INRIAPerson/train_crop_256x512/pos/crop001550.png
INRIAPerson/train_crop_256x512/pos/crop001551.png
INRIAPerson/train_crop_256x512/pos/crop001552.png
INRIAPerson/train_crop_256x512/pos/crop001553.png
INRIAPerson/train_crop_256x512/pos/crop001554.png
INRIAPerson/train_crop_256x512/pos/crop001556.png
INRIAPerson/train_crop_256x512/pos/crop001557.png
INRIAPerson/train_crop_256x512/pos/crop001558.png
INRIAPerson/train_crop_256x512/pos/crop001559.png
INRIAPerson/train_crop_256x512/pos/crop001560.png
INRIAPerson/train_crop_256x512/pos/crop001561.png
INRIAPerson/train_crop_256x512/pos/crop001562.png
INRIAPerson/train_crop_256x512/pos/crop001563.png
INRIAPerson/train_crop_256x512/pos/crop001564.png
INRIAPerson/train_crop_256x512/pos/crop001565.png
INRIAPerson/train_crop_256x512/pos/crop001567.png
INRIAPerson/train_crop_256x512/pos/crop001568.png
INRIAPerson/train_crop_256x512/pos/crop001569.png
INRIAPerson/train_crop_256x512/pos/crop001570.png
INRIAPerson/train_crop_256x512/pos/crop001571.png
INRIAPerson/train_crop_256x512/pos/crop001572.png
INRIAPerson/train_crop_256x512/pos/crop001577.png
INRIAPerson/train_crop_256x512/pos/crop001578.png
INRIAPerson/train_crop_256x512/pos/crop001579.png
INRIAPerson/train_crop_256x512/pos/crop001580.png
INRIAPerson/train_crop_256x512/pos/crop001581.png
INRIAPerson/train_crop_256x512/pos/crop001582.png
INRIAPerson/train_crop_256x512/pos/crop001583.png
INRIAPerson/train_crop_256x512/pos/crop001584.png
INRIAPerson/train_crop_256x512/pos/crop001589.png
INRIAPerson/train_crop_256x512/pos/crop001591.png
INRIAPerson/train_crop_256x512/pos/crop001592.png
INRIAPerson/train_crop_256x512/pos/crop001594.png
INRIAPerson/train_crop_256x512/pos/crop001595.png
INRIAPerson/train_crop_256x512/pos/crop001596.png
INRIAPerson/train_crop_256x512/pos/crop001597.png
INRIAPerson/train_crop_256x512/pos/crop001598.png
INRIAPerson/train_crop_256x512/pos/crop001599.png
INRIAPerson/train_crop_256x512/pos/crop001600.png
INRIAPerson/train_crop_256x512/pos/crop001601.png
INRIAPerson/train_crop_256x512/pos/crop001603.png
INRIAPerson/train_crop_256x512/pos/crop001605.png
INRIAPerson/train_crop_256x512/pos/crop001606.png
INRIAPerson/train_crop_256x512/pos/crop001608.png
INRIAPerson/train_crop_256x512/pos/crop001609.png
INRIAPerson/train_crop_256x512/pos/crop001610.png
INRIAPerson/train_crop_256x512/pos/crop001611.png
INRIAPerson/train_crop_256x512/pos/crop001612.png
INRIAPerson/train_crop_256x512/pos/crop001613.png
INRIAPerson/train_crop_256x512/pos/crop001614.png
INRIAPerson/train_crop_256x512/pos/crop001615.png
INRIAPerson/train_crop_256x512/pos/crop001616.png
INRIAPerson/train_crop_256x512/pos/crop001617.png
INRIAPerson/train_crop_256x512/pos/crop001618.png
INRIAPerson/train_crop_256x512/pos/crop001619.png
INRIAPerson/train_crop_256x512/pos/crop001620.png
INRIAPerson/train_crop_256x512/pos/crop001621.png
INRIAPerson/train_crop_256x512/pos/crop001622.png
INRIAPerson/train_crop_256x512/pos/crop001623.png
INRIAPerson/train_crop_256x512/pos/crop001624.png
INRIAPerson/train_crop_256x512/pos/crop001625.png
INRIAPerson/train_crop_256x512/pos/crop001626.png
INRIAPerson/train_crop_256x512/pos/crop001627.png
INRIAPerson/train_crop_256x512/pos/crop001628.png
INRIAPerson/train_crop_256x512/pos/crop001629.png
INRIAPerson/train_crop_256x512/pos/crop001630.png
INRIAPerson/train_crop_256x512/pos/crop001632.png
INRIAPerson/train_crop_256x512/pos/crop001635.png
INRIAPerson/train_crop_256x512/pos/crop001636.png
INRIAPerson/train_crop_256x512/pos/crop001637.png
INRIAPerson/train_crop_256x512/pos/crop001640.png
INRIAPerson/train_crop_256x512/pos/crop001642.png
INRIAPerson/train_crop_256x512/pos/crop001643.png
INRIAPerson/train_crop_256x512/pos/crop001644.png
INRIAPerson/train_crop_256x512/pos/crop001646.png
INRIAPerson/train_crop_256x512/pos/crop001647.png
INRIAPerson/train_crop_256x512/pos/crop001648.png
INRIAPerson/train_crop_256x512/pos/crop001649.png
INRIAPerson/train_crop_256x512/pos/crop001650.png
INRIAPerson/train_crop_256x512/pos/crop001651.png
INRIAPerson/train_crop_256x512/pos/crop001652.png
INRIAPerson/train_crop_256x512/pos/crop001655.png
INRIAPerson/train_crop_256x512/pos/crop001656.png
INRIAPerson/train_crop_256x512/pos/crop001657.png
INRIAPerson/train_crop_256x512/pos/crop001662.png
INRIAPerson/train_crop_256x512/pos/crop001663.png
INRIAPerson/train_crop_256x512/pos/crop001665.png
INRIAPerson/train_crop_256x512/pos/crop001666.png
INRIAPerson/train_crop_256x512/pos/crop001667.png
INRIAPerson/train_crop_256x512/pos/crop001668.png
INRIAPerson/train_crop_256x512/pos/crop001669.png
INRIAPerson/train_crop_256x512/pos/crop001671.png
INRIAPerson/train_crop_256x512/pos/crop001672.png
INRIAPerson/train_crop_256x512/pos/crop001673.png
INRIAPerson/train_crop_256x512/pos/crop001674.png
INRIAPerson/train_crop_256x512/pos/crop001675.png
INRIAPerson/train_crop_256x512/pos/crop001677.png
INRIAPerson/train_crop_256x512/pos/crop001678.png
INRIAPerson/train_crop_256x512/pos/crop001679.png
INRIAPerson/train_crop_256x512/pos/crop001680.png
INRIAPerson/train_crop_256x512/pos/crop001681.png
INRIAPerson/train_crop_256x512/pos/crop001685.png
INRIAPerson/train_crop_256x512/pos/crop001686.png
INRIAPerson/train_crop_256x512/pos/crop001687.png
INRIAPerson/train_crop_256x512/pos/crop001689.png
INRIAPerson/train_crop_256x512/pos/crop001690.png
INRIAPerson/train_crop_256x512/pos/crop001691.png
INRIAPerson/train_crop_256x512/pos/crop001692.png
INRIAPerson/train_crop_256x512/pos/crop001693.png
INRIAPerson/train_crop_256x512/pos/crop001694.png
INRIAPerson/train_crop_256x512/pos/crop001695.png
INRIAPerson/train_crop_256x512/pos/crop001696.png
INRIAPerson/train_crop_256x512/pos/crop001697.png
INRIAPerson/train_crop_256x512/pos/crop001698.png
INRIAPerson/train_crop_256x512/pos/crop001699.png
INRIAPerson/train_crop_256x512/pos/crop001700.png
INRIAPerson/train_crop_256x512/pos/crop001701.png
INRIAPerson/train_crop_256x512/pos/crop001702.png
INRIAPerson/train_crop_256x512/pos/crop001703.png
INRIAPerson/train_crop_256x512/pos/crop001705.png
INRIAPerson/train_crop_256x512/pos/crop001707.png
INRIAPerson/train_crop_256x512/pos/crop001708.png
INRIAPerson/train_crop_256x512/pos/crop001709.png
INRIAPerson/train_crop_256x512/pos/crop001710.png
INRIAPerson/train_crop_256x512/pos/crop001711.png
INRIAPerson/train_crop_256x512/pos/crop001712.png
INRIAPerson/train_crop_256x512/pos/crop001713.png
INRIAPerson/train_crop_256x512/pos/crop001714.png
INRIAPerson/train_crop_256x512/pos/crop001717.png
INRIAPerson/train_crop_256x512/pos/crop001720.png
INRIAPerson/train_crop_256x512/pos/crop001721.png
INRIAPerson/train_crop_256x512/pos/crop001806.png
INRIAPerson/train_crop_256x512/pos/crop001807.png
INRIAPerson/train_crop_256x512/pos/crop001808.png
INRIAPerson/train_crop_256x512/pos/crop001809.png
INRIAPerson/train_crop_256x512/pos/crop001810.png
INRIAPerson/train_crop_256x512/pos/crop001811.png
INRIAPerson/train_crop_256x512/pos/crop001812.png
INRIAPerson/train_crop_256x512/pos/crop001813.png
INRIAPerson/train_crop_256x512/pos/crop001814.png
INRIAPerson/train_crop_256x512/pos/crop001815.png
INRIAPerson/train_crop_256x512/pos/crop001816.png
INRIAPerson/train_crop_256x512/pos/crop001817.png
INRIAPerson/train_crop_256x512/pos/crop001818.png
INRIAPerson/train_crop_256x512/pos/crop001819.png
INRIAPerson/train_crop_256x512/pos/crop001820.png
INRIAPerson/train_crop_256x512/pos/crop001823.png
INRIAPerson/train_crop_256x512/pos/crop001824.png
INRIAPerson/train_crop_256x512/pos/crop001829.png
INRIAPerson/train_crop_256x512/pos/crop001830.png
INRIAPerson/train_crop_256x512/pos/crop001831.png
INRIAPerson/train_crop_256x512/pos/crop001832.png
INRIAPerson/train_crop_256x512/pos/crop001833.png
INRIAPerson/train_crop_256x512/pos/crop001835.png
INRIAPerson/train_crop_256x512/pos/crop001836.png
INRIAPerson/train_crop_256x512/pos/crop001837.png
INRIAPerson/train_crop_256x512/pos/crop001838.png
INRIAPerson/train_crop_256x512/pos/crop001839.png
INRIAPerson/train_crop_256x512/pos/crop001840.png
INRIAPerson/train_crop_256x512/pos/crop001841.png
INRIAPerson/train_crop_256x512/pos/crop001842.png
INRIAPerson/train_crop_256x512/pos/crop001843.png
INRIAPerson/train_crop_256x512/pos/person_044.png
INRIAPerson/train_crop_256x512/pos/person_050.png
INRIAPerson/train_crop_256x512/pos/person_060.png
INRIAPerson/train_crop_256x512/pos/person_061.png
INRIAPerson/train_crop_256x512/pos/person_086.png
INRIAPerson/train_crop_256x512/pos/person_091.png
INRIAPerson/train_crop_256x512/pos/person_097.png
INRIAPerson/train_crop_256x512/pos/person_101.png
INRIAPerson/train_crop_256x512/pos/person_102.png
INRIAPerson/train_crop_256x512/pos/person_103.png
INRIAPerson/train_crop_256x512/pos/person_106.png
INRIAPerson/train_crop_256x512/pos/person_111.png
INRIAPerson/train_crop_256x512/pos/person_112.png
INRIAPerson/train_crop_256x512/pos/person_114.png
INRIAPerson/train_crop_256x512/pos/person_117.png
INRIAPerson/train_crop_256x512/pos/person_119.png
INRIAPerson/train_crop_256x512/pos/person_121.png
INRIAPerson/train_crop_256x512/pos/person_124.png
INRIAPerson/train_crop_256x512/pos/person_125.png
INRIAPerson/train_crop_256x512/pos/person_126.png
INRIAPerson/train_crop_256x512/pos/person_128.png
INRIAPerson/train_crop_256x512/pos/person_129.png
INRIAPerson/train_crop_256x512/pos/person_130.png
INRIAPerson/train_crop_256x512/pos/person_131.png
INRIAPerson/train_crop_256x512/pos/person_133.png
INRIAPerson/train_crop_256x512/pos/person_139.png
INRIAPerson/train_crop_256x512/pos/person_141.png
INRIAPerson/train_crop_256x512/pos/person_142.png
INRIAPerson/train_crop_256x512/pos/person_143.png
INRIAPerson/train_crop_256x512/pos/person_156.png
INRIAPerson/train_crop_256x512/pos/person_160.png
INRIAPerson/train_crop_256x512/pos/person_162.png
INRIAPerson/train_crop_256x512/pos/person_165.png
INRIAPerson/train_crop_256x512/pos/person_166.png
INRIAPerson/train_crop_256x512/pos/person_167.png
INRIAPerson/train_crop_256x512/pos/person_168.png
INRIAPerson/train_crop_256x512/pos/person_169.png
INRIAPerson/train_crop_256x512/pos/person_170.png
INRIAPerson/train_crop_256x512/pos/person_171.png
INRIAPerson/train_crop_256x512/pos/person_172.png
INRIAPerson/train_crop_256x512/pos/person_173.png
INRIAPerson/train_crop_256x512/pos/person_174.png
INRIAPerson/train_crop_256x512/pos/person_175.png
INRIAPerson/train_crop_256x512/pos/person_176.png
INRIAPerson/train_crop_256x512/pos/person_177.png
INRIAPerson/train_crop_256x512/pos/person_178.png
INRIAPerson/train_crop_256x512/pos/person_179.png
INRIAPerson/train_crop_256x512/pos/person_181.png
INRIAPerson/train_crop_256x512/pos/person_185.png
INRIAPerson/train_crop_256x512/pos/person_187.png
INRIAPerson/train_crop_256x512/pos/person_195.png
INRIAPerson/train_crop_256x512/pos/person_196.png
INRIAPerson/train_crop_256x512/pos/person_199.png
INRIAPerson/train_crop_256x512/pos/person_201.png
INRIAPerson/train_crop_256x512/pos/person_202.png
INRIAPerson/train_crop_256x512/pos/person_203.png
INRIAPerson/train_crop_256x512/pos/person_208.png
INRIAPerson/train_crop_256x512/pos/person_209.png
INRIAPerson/train_crop_256x512/pos/person_211.png
INRIAPerson/train_crop_256x512/pos/person_214.png
INRIAPerson/train_crop_256x512/pos/person_219.png
INRIAPerson/train_crop_256x512/pos/person_220.png
INRIAPerson/train_crop_256x512/pos/person_221.png
INRIAPerson/train_crop_256x512/pos/person_223.png
INRIAPerson/train_crop_256x512/pos/person_224.png
INRIAPerson/train_crop_256x512/pos/person_225.png
INRIAPerson/train_crop_256x512/pos/person_228.png
INRIAPerson/train_crop_256x512/pos/person_229.png
INRIAPerson/train_crop_256x512/pos/person_231.png
INRIAPerson/train_crop_256x512/pos/person_232.png
INRIAPerson/train_crop_256x512/pos/person_233.png
INRIAPerson/train_crop_256x512/pos/person_234.png
INRIAPerson/train_crop_256x512/pos/person_235.png
INRIAPerson/train_crop_256x512/pos/person_237.png
INRIAPerson/train_crop_256x512/pos/person_238.png
INRIAPerson/train_crop_256x512/pos/person_239.png
INRIAPerson/train_crop_256x512/pos/person_240.png
INRIAPerson/train_crop_256x512/pos/person_241.png
INRIAPerson/train_crop_256x512/pos/person_242.png
INRIAPerson/train_crop_256x512/pos/person_243.png
INRIAPerson/train_crop_256x512/pos/person_244.png
INRIAPerson/train_crop_256x512/pos/person_245.png
INRIAPerson/train_crop_256x512/pos/person_252.png
INRIAPerson/train_crop_256x512/pos/person_253.png
INRIAPerson/train_crop_256x512/pos/person_254.png
INRIAPerson/train_crop_256x512/pos/person_256.png
INRIAPerson/train_crop_256x512/pos/person_257.png
INRIAPerson/train_crop_256x512/pos/person_258.png
INRIAPerson/train_crop_256x512/pos/person_259.png
INRIAPerson/train_crop_256x512/pos/person_260.png
INRIAPerson/train_crop_256x512/pos/person_266.png
INRIAPerson/train_crop_256x512/pos/person_269.png
INRIAPerson/train_crop_256x512/pos/person_270.png
INRIAPerson/train_crop_256x512/pos/person_273.png
INRIAPerson/train_crop_256x512/pos/person_274.png
INRIAPerson/train_crop_256x512/pos/person_275.png
INRIAPerson/train_crop_256x512/pos/person_279.png
INRIAPerson/train_crop_256x512/pos/person_281.png
INRIAPerson/train_crop_256x512/pos/person_283.png
INRIAPerson/train_crop_256x512/pos/person_284.png
INRIAPerson/train_crop_256x512/pos/person_285.png
INRIAPerson/train_crop_256x512/pos/person_286.png
INRIAPerson/train_crop_256x512/pos/person_287.png
INRIAPerson/train_crop_256x512/pos/person_288.png
INRIAPerson/train_crop_256x512/pos/person_289.png
INRIAPerson/train_crop_256x512/pos/person_291.png
INRIAPerson/train_crop_256x512/pos/person_292.png
INRIAPerson/train_crop_256x512/pos/person_294.png
INRIAPerson/train_crop_256x512/pos/person_295.png
INRIAPerson/train_crop_256x512/pos/person_296.png
INRIAPerson/train_crop_256x512/pos/person_297.png
INRIAPerson/train_crop_256x512/pos/person_298.png
INRIAPerson/train_crop_256x512/pos/person_299.png
INRIAPerson/train_crop_256x512/pos/person_300.png
INRIAPerson/train_crop_256x512/pos/person_301.png
INRIAPerson/train_crop_256x512/pos/person_302.png
INRIAPerson/train_crop_256x512/pos/person_304.png
INRIAPerson/train_crop_256x512/pos/person_305.png
INRIAPerson/train_crop_256x512/pos/person_319.png
INRIAPerson/train_crop_256x512/pos/person_320.png
INRIAPerson/train_crop_256x512/pos/person_321.png
INRIAPerson/train_crop_256x512/pos/person_324.png
INRIAPerson/train_crop_256x512/pos/person_327.png
INRIAPerson/train_crop_256x512/pos/person_328.png
INRIAPerson/train_crop_256x512/pos/person_329.png
INRIAPerson/train_crop_256x512/pos/person_331.png
INRIAPerson/train_crop_256x512/pos/person_333.png
INRIAPerson/train_crop_256x512/pos/person_334.png
INRIAPerson/train_crop_256x512/pos/person_339.png
INRIAPerson/train_crop_256x512/pos/person_340.png
INRIAPerson/train_crop_256x512/pos/person_341.png
INRIAPerson/train_crop_256x512/pos/person_342.png
INRIAPerson/train_crop_256x512/pos/person_343.png
INRIAPerson/train_crop_256x512/pos/person_344.png
INRIAPerson/train_crop_256x512/pos/person_346.png
INRIAPerson/train_crop_256x512/pos/person_348.png
INRIAPerson/train_crop_256x512/pos/person_349.png
INRIAPerson/train_crop_256x512/pos/person_356.png
INRIAPerson/train_crop_256x512/pos/person_357.png
INRIAPerson/train_crop_256x512/pos/person_358.png
INRIAPerson/train_crop_256x512/pos/person_376.png
INRIAPerson/train_crop_256x512/pos/person_377.png
INRIAPerson/train_crop_256x512/pos/person_378.png
INRIAPerson/train_crop_256x512/pos/person_387.png
INRIAPerson/train_crop_256x512/pos/person_395.png
INRIAPerson/train_crop_256x512/pos/person_414.png
INRIAPerson/train_crop_256x512/pos/person_425.png
INRIAPerson/train_crop_256x512/pos/person_and_bike_002.png
INRIAPerson/train_crop_256x512/pos/person_and_bike_003.png
INRIAPerson/train_crop_256x512/pos/person_and_bike_005.png
INRIAPerson/train_crop_256x512/pos/person_and_bike_007.png
INRIAPerson/train_crop_256x512/pos/person_and_bike_008.png
INRIAPerson/train_crop_256x512/pos/person_and_bike_009.png
INRIAPerson/train_crop_256x512/pos/person_and_bike_010.png
INRIAPerson/train_crop_256x512/pos/person_and_bike_011.png
INRIAPerson/train_crop_256x512/pos/person_and_bike_013.png
INRIAPerson/train_crop_256x512/pos/person_and_bike_015.png
INRIAPerson/train_crop_256x512/pos/person_and_bike_016.png
INRIAPerson/train_crop_256x512/pos/person_and_bike_017.png
INRIAPerson/train_crop_256x512/pos/person_and_bike_019.png
INRIAPerson/train_crop_256x512/pos/person_and_bike_020.png
INRIAPerson/train_crop_256x512/pos/person_and_bike_021.png
INRIAPerson/train_crop_256x512/pos/person_and_bike_022.png
INRIAPerson/train_crop_256x512/pos/person_and_bike_023.png
INRIAPerson/train_crop_256x512/pos/person_and_bike_026.png
INRIAPerson/train_crop_256x512/pos/person_and_bike_030.png
INRIAPerson/train_crop_256x512/pos/person_and_bike_031.png
INRIAPerson/train_crop_256x512/pos/person_and_bike_033.png
INRIAPerson/train_crop_256x512/pos/person_and_bike_034.png
INRIAPerson/train_crop_256x512/pos/person_and_bike_036.png
INRIAPerson/train_crop_256x512/pos/person_and_bike_039.png
INRIAPerson/train_crop_256x512/pos/person_and_bike_040.png
INRIAPerson/train_crop_256x512/pos/person_and_bike_074.png
INRIAPerson/train_crop_256x512/pos/person_and_bike_075.png
INRIAPerson/train_crop_256x512/pos/person_and_bike_078.png
INRIAPerson/train_crop_256x512/pos/person_and_bike_117.png
INRIAPerson/train_crop_256x512/pos/person_and_bike_118.png
INRIAPerson/train_crop_256x512/pos/person_and_bike_119.png
INRIAPerson/train_crop_256x512/pos/person_and_bike_120.png
INRIAPerson/train_crop_256x512/pos/person_and_bike_121.png
INRIAPerson/train_crop_256x512/pos/person_and_bike_123.png
INRIAPerson/train_crop_256x512/pos/person_and_bike_124.png
INRIAPerson/train_crop_256x512/pos/person_and_bike_125.png
INRIAPerson/train_crop_256x512/pos/person_and_bike_127.png
INRIAPerson/train_crop_256x512/pos/person_and_bike_128.png
INRIAPerson/train_crop_256x512/pos/person_and_bike_129.png
INRIAPerson/train_crop_256x512/pos/person_and_bike_130.png
INRIAPerson/train_crop_256x512/pos/person_and_bike_132.png
INRIAPerson/train_crop_256x512/pos/person_and_bike_134.png
INRIAPerson/train_crop_256x512/pos/person_and_bike_135.png
INRIAPerson/train_crop_256x512/pos/person_and_bike_137.png
INRIAPerson/train_crop_256x512/pos/person_and_bike_138.png
INRIAPerson/train_crop_256x512/pos/person_and_bike_139.png
INRIAPerson/train_crop_256x512/pos/person_and_bike_142.png
INRIAPerson/train_crop_256x512/pos/person_and_bike_143.png
INRIAPerson/train_crop_256x512/pos/person_and_bike_146.png
INRIAPerson/train_crop_256x512/pos/person_and_bike_147.png
INRIAPerson/train_crop_256x512/pos/person_and_bike_148.png
INRIAPerson/train_crop_256x512/pos/person_and_bike_150.png
INRIAPerson/train_crop_256x512/pos/person_and_bike_151.png
INRIAPerson/train_crop_256x512/pos/person_and_bike_152.png
INRIAPerson/train_crop_256x512/pos/person_and_bike_155.png
INRIAPerson/train_crop_256x512/pos/person_and_bike_156.png
INRIAPerson/train_crop_256x512/pos/person_and_bike_157.png
INRIAPerson/train_crop_256x512/pos/person_and_bike_166.png
INRIAPerson/train_crop_256x512/pos/person_and_bike_191.png
INRIAPerson/train_crop_256x512/pos/person_and_bike_207.png
INRIAPerson/train_crop_256x512/pos/person_and_bike_208.png
INRIAPerson/train_crop_256x512/pos/person_and_bike_209.png
