INRIAPerson/test_crop_64x128/pos/crop_0000011.png
INRIAPerson/test_crop_64x128/pos/crop_0000021.png
INRIAPerson/test_crop_64x128/pos/crop_0000031.png
INRIAPerson/test_crop_64x128/pos/crop_0000041.png
INRIAPerson/test_crop_64x128/pos/crop_0000051.png
INRIAPerson/test_crop_64x128/pos/crop_0000052.png
INRIAPerson/test_crop_64x128/pos/crop_0000061.png
INRIAPerson/test_crop_64x128/pos/crop_0000071.png
INRIAPerson/test_crop_64x128/pos/crop_0000081.png
INRIAPerson/test_crop_64x128/pos/crop_0000091.png
INRIAPerson/test_crop_64x128/pos/crop_0000121.png
INRIAPerson/test_crop_64x128/pos/crop_0000131.png
INRIAPerson/test_crop_64x128/pos/crop_0000151.png
INRIAPerson/test_crop_64x128/pos/crop_0000161.png
INRIAPerson/test_crop_64x128/pos/crop_0000171.png
INRIAPerson/test_crop_64x128/pos/crop_0000181.png
INRIAPerson/test_crop_64x128/pos/crop_0000191.png
INRIAPerson/test_crop_64x128/pos/crop_0000201.png
INRIAPerson/test_crop_64x128/pos/crop_0000211.png
INRIAPerson/test_crop_64x128/pos/crop_0000231.png
INRIAPerson/test_crop_64x128/pos/crop_0000241.png
INRIAPerson/test_crop_64x128/pos/crop_0000251.png
INRIAPerson/test_crop_64x128/pos/crop_0000261.png
INRIAPerson/test_crop_64x128/pos/crop_0000262.png
INRIAPerson/test_crop_64x128/pos/crop_0000263.png
INRIAPerson/test_crop_64x128/pos/crop_0000264.png
INRIAPerson/test_crop_64x128/pos/crop_0000271.png
INRIAPerson/test_crop_64x128/pos/crop_0000272.png
INRIAPerson/test_crop_64x128/pos/crop_0006041.png
INRIAPerson/test_crop_64x128/pos/crop_0006042.png
INRIAPerson/test_crop_64x128/pos/crop_0006043.png
INRIAPerson/test_crop_64x128/pos/crop0015011.png
INRIAPerson/test_crop_64x128/pos/crop0015012.png
INRIAPerson/test_crop_64x128/pos/crop0015013.png
INRIAPerson/test_crop_64x128/pos/crop0015014.png
INRIAPerson/test_crop_64x128/pos/crop0015041.png
INRIAPerson/test_crop_64x128/pos/crop0015042.png
INRIAPerson/test_crop_64x128/pos/crop0015111.png
INRIAPerson/test_crop_64x128/pos/crop0015121.png
INRIAPerson/test_crop_64x128/pos/crop0015122.png
INRIAPerson/test_crop_64x128/pos/crop0015123.png
INRIAPerson/test_crop_64x128/pos/crop0015141.png
INRIAPerson/test_crop_64x128/pos/crop0015142.png
INRIAPerson/test_crop_64x128/pos/crop0015143.png
INRIAPerson/test_crop_64x128/pos/crop0015201.png
INRIAPerson/test_crop_64x128/pos/crop0015202.png
INRIAPerson/test_crop_64x128/pos/crop0015211.png
INRIAPerson/test_crop_64x128/pos/crop0015212.png
INRIAPerson/test_crop_64x128/pos/crop0015213.png
INRIAPerson/test_crop_64x128/pos/crop0015214.png
INRIAPerson/test_crop_64x128/pos/crop0015215.png
INRIAPerson/test_crop_64x128/pos/crop0015216.png
INRIAPerson/test_crop_64x128/pos/crop0015221.png
INRIAPerson/test_crop_64x128/pos/crop0015222.png
INRIAPerson/test_crop_64x128/pos/crop0015223.png
INRIAPerson/test_crop_64x128/pos/crop0015311.png
INRIAPerson/test_crop_64x128/pos/crop0015312.png
INRIAPerson/test_crop_64x128/pos/crop0015331.png
INRIAPerson/test_crop_64x128/pos/crop0015332.png
INRIAPerson/test_crop_64x128/pos/crop0015333.png
INRIAPerson/test_crop_64x128/pos/crop0015334.png
INRIAPerson/test_crop_64x128/pos/crop0015335.png
INRIAPerson/test_crop_64x128/pos/crop0015441.png
INRIAPerson/test_crop_64x128/pos/crop0015442.png
INRIAPerson/test_crop_64x128/pos/crop0015451.png
INRIAPerson/test_crop_64x128/pos/crop0015461.png
INRIAPerson/test_crop_64x128/pos/crop0015462.png
INRIAPerson/test_crop_64x128/pos/crop0015491.png
INRIAPerson/test_crop_64x128/pos/crop0015551.png
INRIAPerson/test_crop_64x128/pos/crop0015552.png
INRIAPerson/test_crop_64x128/pos/crop0015553.png
INRIAPerson/test_crop_64x128/pos/crop0015554.png
INRIAPerson/test_crop_64x128/pos/crop0015555.png
INRIAPerson/test_crop_64x128/pos/crop0015661.png
INRIAPerson/test_crop_64x128/pos/crop0015662.png
INRIAPerson/test_crop_64x128/pos/crop0015731.png
INRIAPerson/test_crop_64x128/pos/crop0015732.png
INRIAPerson/test_crop_64x128/pos/crop0015733.png
INRIAPerson/test_crop_64x128/pos/crop0015734.png
INRIAPerson/test_crop_64x128/pos/crop0015735.png
INRIAPerson/test_crop_64x128/pos/crop0015741.png
INRIAPerson/test_crop_64x128/pos/crop0015901.png
INRIAPerson/test_crop_64x128/pos/crop0015931.png
INRIAPerson/test_crop_64x128/pos/crop0015932.png
INRIAPerson/test_crop_64x128/pos/crop0015933.png
INRIAPerson/test_crop_64x128/pos/crop0015934.png
INRIAPerson/test_crop_64x128/pos/crop0015935.png
INRIAPerson/test_crop_64x128/pos/crop0016021.png
INRIAPerson/test_crop_64x128/pos/crop0016041.png
INRIAPerson/test_crop_64x128/pos/crop00160710.png
INRIAPerson/test_crop_64x128/pos/crop0016071.png
INRIAPerson/test_crop_64x128/pos/crop0016072.png
INRIAPerson/test_crop_64x128/pos/crop0016073.png
INRIAPerson/test_crop_64x128/pos/crop0016074.png
INRIAPerson/test_crop_64x128/pos/crop0016075.png
INRIAPerson/test_crop_64x128/pos/crop0016076.png
INRIAPerson/test_crop_64x128/pos/crop0016077.png
INRIAPerson/test_crop_64x128/pos/crop0016078.png
INRIAPerson/test_crop_64x128/pos/crop0016079.png
INRIAPerson/test_crop_64x128/pos/crop0016311.png
INRIAPerson/test_crop_64x128/pos/crop0016312.png
INRIAPerson/test_crop_64x128/pos/crop0016331.png
INRIAPerson/test_crop_64x128/pos/crop0016332.png
INRIAPerson/test_crop_64x128/pos/crop0016333.png
INRIAPerson/test_crop_64x128/pos/crop0016341.png
INRIAPerson/test_crop_64x128/pos/crop0016381.png
INRIAPerson/test_crop_64x128/pos/crop0016382.png
INRIAPerson/test_crop_64x128/pos/crop0016383.png
INRIAPerson/test_crop_64x128/pos/crop0016384.png
INRIAPerson/test_crop_64x128/pos/crop0016391.png
INRIAPerson/test_crop_64x128/pos/crop0016392.png
INRIAPerson/test_crop_64x128/pos/crop0016393.png
INRIAPerson/test_crop_64x128/pos/crop0016411.png
INRIAPerson/test_crop_64x128/pos/crop0016412.png
INRIAPerson/test_crop_64x128/pos/crop0016413.png
INRIAPerson/test_crop_64x128/pos/crop0016531.png
INRIAPerson/test_crop_64x128/pos/crop0016541.png
INRIAPerson/test_crop_64x128/pos/crop0016581.png
INRIAPerson/test_crop_64x128/pos/crop0016582.png
INRIAPerson/test_crop_64x128/pos/crop0016583.png
INRIAPerson/test_crop_64x128/pos/crop0016591.png
INRIAPerson/test_crop_64x128/pos/crop0016601.png
INRIAPerson/test_crop_64x128/pos/crop0016611.png
INRIAPerson/test_crop_64x128/pos/crop0016612.png
INRIAPerson/test_crop_64x128/pos/crop0016641.png
INRIAPerson/test_crop_64x128/pos/crop0016642.png
INRIAPerson/test_crop_64x128/pos/crop0016643.png
INRIAPerson/test_crop_64x128/pos/crop0016644.png
INRIAPerson/test_crop_64x128/pos/crop0016701.png
INRIAPerson/test_crop_64x128/pos/crop0016702.png
INRIAPerson/test_crop_64x128/pos/crop0016703.png
INRIAPerson/test_crop_64x128/pos/crop0016704.png
INRIAPerson/test_crop_64x128/pos/crop0016705.png
INRIAPerson/test_crop_64x128/pos/crop0016761.png
INRIAPerson/test_crop_64x128/pos/crop0016762.png
INRIAPerson/test_crop_64x128/pos/crop0016763.png
INRIAPerson/test_crop_64x128/pos/crop0016764.png
INRIAPerson/test_crop_64x128/pos/crop0016765.png
INRIAPerson/test_crop_64x128/pos/crop0016766.png
INRIAPerson/test_crop_64x128/pos/crop0016767.png
INRIAPerson/test_crop_64x128/pos/crop0016821.png
INRIAPerson/test_crop_64x128/pos/crop0016822.png
INRIAPerson/test_crop_64x128/pos/crop0016823.png
INRIAPerson/test_crop_64x128/pos/crop0016824.png
INRIAPerson/test_crop_64x128/pos/crop0016825.png
INRIAPerson/test_crop_64x128/pos/crop0016831.png
INRIAPerson/test_crop_64x128/pos/crop0016832.png
INRIAPerson/test_crop_64x128/pos/crop0016841.png
INRIAPerson/test_crop_64x128/pos/crop0016881.png
INRIAPerson/test_crop_64x128/pos/crop0016882.png
INRIAPerson/test_crop_64x128/pos/crop0017041.png
INRIAPerson/test_crop_64x128/pos/crop0017042.png
INRIAPerson/test_crop_64x128/pos/crop0017043.png
INRIAPerson/test_crop_64x128/pos/crop0017061.png
INRIAPerson/test_crop_64x128/pos/crop0017151.png
INRIAPerson/test_crop_64x128/pos/crop0017152.png
INRIAPerson/test_crop_64x128/pos/crop0017161.png
INRIAPerson/test_crop_64x128/pos/crop0017162.png
INRIAPerson/test_crop_64x128/pos/crop0017181.png
INRIAPerson/test_crop_64x128/pos/crop0017182.png
INRIAPerson/test_crop_64x128/pos/crop0017183.png
INRIAPerson/test_crop_64x128/pos/crop0017184.png
INRIAPerson/test_crop_64x128/pos/crop0017191.png
INRIAPerson/test_crop_64x128/pos/crop0017192.png
INRIAPerson/test_crop_64x128/pos/crop0017193.png
INRIAPerson/test_crop_64x128/pos/crop0017194.png
INRIAPerson/test_crop_64x128/pos/crop0017195.png
INRIAPerson/test_crop_64x128/pos/crop0017196.png
INRIAPerson/test_crop_64x128/pos/crop0017197.png
INRIAPerson/test_crop_64x128/pos/crop0017221.png
INRIAPerson/test_crop_64x128/pos/crop0017222.png
INRIAPerson/test_crop_64x128/pos/crop0017231.png
INRIAPerson/test_crop_64x128/pos/crop0017241.png
INRIAPerson/test_crop_64x128/pos/crop0017242.png
INRIAPerson/test_crop_64x128/pos/crop0017243.png
INRIAPerson/test_crop_64x128/pos/crop0017244.png
INRIAPerson/test_crop_64x128/pos/crop0017251.png
INRIAPerson/test_crop_64x128/pos/crop0017252.png
INRIAPerson/test_crop_64x128/pos/person_0071.png
INRIAPerson/test_crop_64x128/pos/person_0081.png
INRIAPerson/test_crop_64x128/pos/person_0091.png
INRIAPerson/test_crop_64x128/pos/person_0101.png
INRIAPerson/test_crop_64x128/pos/person_0102.png
INRIAPerson/test_crop_64x128/pos/person_0111.png
INRIAPerson/test_crop_64x128/pos/person_0121.png
INRIAPerson/test_crop_64x128/pos/person_0131.png
INRIAPerson/test_crop_64x128/pos/person_0141.png
INRIAPerson/test_crop_64x128/pos/person_0142.png
INRIAPerson/test_crop_64x128/pos/person_0151.png
INRIAPerson/test_crop_64x128/pos/person_0261.png
INRIAPerson/test_crop_64x128/pos/person_0281.png
INRIAPerson/test_crop_64x128/pos/person_0291.png
INRIAPerson/test_crop_64x128/pos/person_0301.png
INRIAPerson/test_crop_64x128/pos/person_0321.png
INRIAPerson/test_crop_64x128/pos/person_0331.png
INRIAPerson/test_crop_64x128/pos/person_0341.png
INRIAPerson/test_crop_64x128/pos/person_0361.png
INRIAPerson/test_crop_64x128/pos/person_0371.png
INRIAPerson/test_crop_64x128/pos/person_0381.png
INRIAPerson/test_crop_64x128/pos/person_0391.png
INRIAPerson/test_crop_64x128/pos/person_0401.png
INRIAPerson/test_crop_64x128/pos/person_0511.png
INRIAPerson/test_crop_64x128/pos/person_0521.png
INRIAPerson/test_crop_64x128/pos/person_0531.png
INRIAPerson/test_crop_64x128/pos/person_0551.png
INRIAPerson/test_crop_64x128/pos/person_0561.png
INRIAPerson/test_crop_64x128/pos/person_0581.png
INRIAPerson/test_crop_64x128/pos/person_0591.png
INRIAPerson/test_crop_64x128/pos/person_0621.png
INRIAPerson/test_crop_64x128/pos/person_0631.png
INRIAPerson/test_crop_64x128/pos/person_0641.png
INRIAPerson/test_crop_64x128/pos/person_0651.png
INRIAPerson/test_crop_64x128/pos/person_0701.png
INRIAPerson/test_crop_64x128/pos/person_0711.png
INRIAPerson/test_crop_64x128/pos/person_0731.png
INRIAPerson/test_crop_64x128/pos/person_0751.png
INRIAPerson/test_crop_64x128/pos/person_0761.png
INRIAPerson/test_crop_64x128/pos/person_0851.png
INRIAPerson/test_crop_64x128/pos/person_0852.png
INRIAPerson/test_crop_64x128/pos/person_0871.png
INRIAPerson/test_crop_64x128/pos/person_0881.png
INRIAPerson/test_crop_64x128/pos/person_0882.png
INRIAPerson/test_crop_64x128/pos/person_0883.png
INRIAPerson/test_crop_64x128/pos/person_0884.png
INRIAPerson/test_crop_64x128/pos/person_0891.png
INRIAPerson/test_crop_64x128/pos/person_0901.png
INRIAPerson/test_crop_64x128/pos/person_0921.png
INRIAPerson/test_crop_64x128/pos/person_0931.png
INRIAPerson/test_crop_64x128/pos/person_0932.png
INRIAPerson/test_crop_64x128/pos/person_0941.png
INRIAPerson/test_crop_64x128/pos/person_0951.png
INRIAPerson/test_crop_64x128/pos/person_0952.png
INRIAPerson/test_crop_64x128/pos/person_0961.png
INRIAPerson/test_crop_64x128/pos/person_0962.png
INRIAPerson/test_crop_64x128/pos/person_0963.png
INRIAPerson/test_crop_64x128/pos/person_0981.png
INRIAPerson/test_crop_64x128/pos/person_0982.png
INRIAPerson/test_crop_64x128/pos/person_0983.png
INRIAPerson/test_crop_64x128/pos/person_0991.png
INRIAPerson/test_crop_64x128/pos/person_1001.png
INRIAPerson/test_crop_64x128/pos/person_1002.png
INRIAPerson/test_crop_64x128/pos/person_1041.png
INRIAPerson/test_crop_64x128/pos/person_1042.png
INRIAPerson/test_crop_64x128/pos/person_1043.png
INRIAPerson/test_crop_64x128/pos/person_1051.png
INRIAPerson/test_crop_64x128/pos/person_1052.png
INRIAPerson/test_crop_64x128/pos/person_1071.png
INRIAPerson/test_crop_64x128/pos/person_1072.png
INRIAPerson/test_crop_64x128/pos/person_1151.png
INRIAPerson/test_crop_64x128/pos/person_1152.png
INRIAPerson/test_crop_64x128/pos/person_1153.png
INRIAPerson/test_crop_64x128/pos/person_1181.png
INRIAPerson/test_crop_64x128/pos/person_1182.png
INRIAPerson/test_crop_64x128/pos/person_1201.png
INRIAPerson/test_crop_64x128/pos/person_1202.png
INRIAPerson/test_crop_64x128/pos/person_1221.png
INRIAPerson/test_crop_64x128/pos/person_1271.png
INRIAPerson/test_crop_64x128/pos/person_1272.png
INRIAPerson/test_crop_64x128/pos/person_1273.png
INRIAPerson/test_crop_64x128/pos/person_1274.png
INRIAPerson/test_crop_64x128/pos/person_1275.png
INRIAPerson/test_crop_64x128/pos/person_1321.png
INRIAPerson/test_crop_64x128/pos/person_1322.png
INRIAPerson/test_crop_64x128/pos/person_1323.png
INRIAPerson/test_crop_64x128/pos/person_1324.png
INRIAPerson/test_crop_64x128/pos/person_1325.png
INRIAPerson/test_crop_64x128/pos/person_1326.png
INRIAPerson/test_crop_64x128/pos/person_1327.png
INRIAPerson/test_crop_64x128/pos/person_1341.png
INRIAPerson/test_crop_64x128/pos/person_1342.png
INRIAPerson/test_crop_64x128/pos/person_1343.png
INRIAPerson/test_crop_64x128/pos/person_1344.png
INRIAPerson/test_crop_64x128/pos/person_1345.png
INRIAPerson/test_crop_64x128/pos/person_1351.png
INRIAPerson/test_crop_64x128/pos/person_1352.png
INRIAPerson/test_crop_64x128/pos/person_1353.png
INRIAPerson/test_crop_64x128/pos/person_1361.png
INRIAPerson/test_crop_64x128/pos/person_1362.png
INRIAPerson/test_crop_64x128/pos/person_1371.png
INRIAPerson/test_crop_64x128/pos/person_1372.png
INRIAPerson/test_crop_64x128/pos/person_1373.png
INRIAPerson/test_crop_64x128/pos/person_1374.png
INRIAPerson/test_crop_64x128/pos/person_1375.png
INRIAPerson/test_crop_64x128/pos/person_1381.png
INRIAPerson/test_crop_64x128/pos/person_1382.png
INRIAPerson/test_crop_64x128/pos/person_1383.png
INRIAPerson/test_crop_64x128/pos/person_1591.png
INRIAPerson/test_crop_64x128/pos/person_1592.png
INRIAPerson/test_crop_64x128/pos/person_1593.png
INRIAPerson/test_crop_64x128/pos/person_1594.png
INRIAPerson/test_crop_64x128/pos/person_1595.png
INRIAPerson/test_crop_64x128/pos/person_1611.png
INRIAPerson/test_crop_64x128/pos/person_1641.png
INRIAPerson/test_crop_64x128/pos/person_1861.png
INRIAPerson/test_crop_64x128/pos/person_1862.png
