INRIAPerson/test_crop_128x256/pos/crop_0000011.png
INRIAPerson/test_crop_128x256/pos/crop_0000021.png
INRIAPerson/test_crop_128x256/pos/crop_0000031.png
INRIAPerson/test_crop_128x256/pos/crop_0000041.png
INRIAPerson/test_crop_128x256/pos/crop_0000051.png
INRIAPerson/test_crop_128x256/pos/crop_0000052.png
INRIAPerson/test_crop_128x256/pos/crop_0000061.png
INRIAPerson/test_crop_128x256/pos/crop_0000071.png
INRIAPerson/test_crop_128x256/pos/crop_0000081.png
INRIAPerson/test_crop_128x256/pos/crop_0000091.png
INRIAPerson/test_crop_128x256/pos/crop_0000121.png
INRIAPerson/test_crop_128x256/pos/crop_0000131.png
INRIAPerson/test_crop_128x256/pos/crop_0000151.png
INRIAPerson/test_crop_128x256/pos/crop_0000161.png
INRIAPerson/test_crop_128x256/pos/crop_0000171.png
INRIAPerson/test_crop_128x256/pos/crop_0000181.png
INRIAPerson/test_crop_128x256/pos/crop_0000191.png
INRIAPerson/test_crop_128x256/pos/crop_0000201.png
INRIAPerson/test_crop_128x256/pos/crop_0000211.png
INRIAPerson/test_crop_128x256/pos/crop_0000231.png
INRIAPerson/test_crop_128x256/pos/crop_0000241.png
INRIAPerson/test_crop_128x256/pos/crop_0000251.png
INRIAPerson/test_crop_128x256/pos/crop_0000261.png
INRIAPerson/test_crop_128x256/pos/crop_0000262.png
INRIAPerson/test_crop_128x256/pos/crop_0000263.png
INRIAPerson/test_crop_128x256/pos/crop_0000264.png
INRIAPerson/test_crop_128x256/pos/crop_0000271.png
INRIAPerson/test_crop_128x256/pos/crop_0000272.png
INRIAPerson/test_crop_128x256/pos/crop_0006041.png
INRIAPerson/test_crop_128x256/pos/crop_0006042.png
INRIAPerson/test_crop_128x256/pos/crop_0006043.png
INRIAPerson/test_crop_128x256/pos/crop0015011.png
INRIAPerson/test_crop_128x256/pos/crop0015012.png
INRIAPerson/test_crop_128x256/pos/crop0015013.png
INRIAPerson/test_crop_128x256/pos/crop0015014.png
INRIAPerson/test_crop_128x256/pos/crop0015041.png
INRIAPerson/test_crop_128x256/pos/crop0015042.png
INRIAPerson/test_crop_128x256/pos/crop0015111.png
INRIAPerson/test_crop_128x256/pos/crop0015121.png
INRIAPerson/test_crop_128x256/pos/crop0015122.png
INRIAPerson/test_crop_128x256/pos/crop0015123.png
INRIAPerson/test_crop_128x256/pos/crop0015141.png
INRIAPerson/test_crop_128x256/pos/crop0015142.png
INRIAPerson/test_crop_128x256/pos/crop0015143.png
INRIAPerson/test_crop_128x256/pos/crop0015201.png
INRIAPerson/test_crop_128x256/pos/crop0015202.png
INRIAPerson/test_crop_128x256/pos/crop0015211.png
INRIAPerson/test_crop_128x256/pos/crop0015212.png
INRIAPerson/test_crop_128x256/pos/crop0015213.png
INRIAPerson/test_crop_128x256/pos/crop0015214.png
INRIAPerson/test_crop_128x256/pos/crop0015215.png
INRIAPerson/test_crop_128x256/pos/crop0015216.png
INRIAPerson/test_crop_128x256/pos/crop0015221.png
INRIAPerson/test_crop_128x256/pos/crop0015222.png
INRIAPerson/test_crop_128x256/pos/crop0015223.png
INRIAPerson/test_crop_128x256/pos/crop0015311.png
INRIAPerson/test_crop_128x256/pos/crop0015312.png
INRIAPerson/test_crop_128x256/pos/crop0015331.png
INRIAPerson/test_crop_128x256/pos/crop0015332.png
INRIAPerson/test_crop_128x256/pos/crop0015333.png
INRIAPerson/test_crop_128x256/pos/crop0015334.png
INRIAPerson/test_crop_128x256/pos/crop0015335.png
INRIAPerson/test_crop_128x256/pos/crop0015441.png
INRIAPerson/test_crop_128x256/pos/crop0015442.png
INRIAPerson/test_crop_128x256/pos/crop0015451.png
INRIAPerson/test_crop_128x256/pos/crop0015461.png
INRIAPerson/test_crop_128x256/pos/crop0015462.png
INRIAPerson/test_crop_128x256/pos/crop0015491.png
INRIAPerson/test_crop_128x256/pos/crop0015551.png
INRIAPerson/test_crop_128x256/pos/crop0015552.png
INRIAPerson/test_crop_128x256/pos/crop0015553.png
INRIAPerson/test_crop_128x256/pos/crop0015554.png
INRIAPerson/test_crop_128x256/pos/crop0015555.png
INRIAPerson/test_crop_128x256/pos/crop0015661.png
INRIAPerson/test_crop_128x256/pos/crop0015662.png
INRIAPerson/test_crop_128x256/pos/crop0015731.png
INRIAPerson/test_crop_128x256/pos/crop0015732.png
INRIAPerson/test_crop_128x256/pos/crop0015733.png
INRIAPerson/test_crop_128x256/pos/crop0015734.png
INRIAPerson/test_crop_128x256/pos/crop0015735.png
INRIAPerson/test_crop_128x256/pos/crop0015741.png
INRIAPerson/test_crop_128x256/pos/crop0015901.png
INRIAPerson/test_crop_128x256/pos/crop0015931.png
INRIAPerson/test_crop_128x256/pos/crop0015932.png
INRIAPerson/test_crop_128x256/pos/crop0015933.png
INRIAPerson/test_crop_128x256/pos/crop0015934.png
INRIAPerson/test_crop_128x256/pos/crop0015935.png
INRIAPerson/test_crop_128x256/pos/crop0016021.png
INRIAPerson/test_crop_128x256/pos/crop0016041.png
INRIAPerson/test_crop_128x256/pos/crop00160710.png
INRIAPerson/test_crop_128x256/pos/crop0016071.png
INRIAPerson/test_crop_128x256/pos/crop0016072.png
INRIAPerson/test_crop_128x256/pos/crop0016073.png
INRIAPerson/test_crop_128x256/pos/crop0016074.png
INRIAPerson/test_crop_128x256/pos/crop0016075.png
INRIAPerson/test_crop_128x256/pos/crop0016076.png
INRIAPerson/test_crop_128x256/pos/crop0016077.png
INRIAPerson/test_crop_128x256/pos/crop0016078.png
INRIAPerson/test_crop_128x256/pos/crop0016079.png
INRIAPerson/test_crop_128x256/pos/crop0016311.png
INRIAPerson/test_crop_128x256/pos/crop0016312.png
INRIAPerson/test_crop_128x256/pos/crop0016331.png
INRIAPerson/test_crop_128x256/pos/crop0016332.png
INRIAPerson/test_crop_128x256/pos/crop0016333.png
INRIAPerson/test_crop_128x256/pos/crop0016341.png
INRIAPerson/test_crop_128x256/pos/crop0016381.png
INRIAPerson/test_crop_128x256/pos/crop0016382.png
INRIAPerson/test_crop_128x256/pos/crop0016383.png
INRIAPerson/test_crop_128x256/pos/crop0016384.png
INRIAPerson/test_crop_128x256/pos/crop0016391.png
INRIAPerson/test_crop_128x256/pos/crop0016392.png
INRIAPerson/test_crop_128x256/pos/crop0016393.png
INRIAPerson/test_crop_128x256/pos/crop0016411.png
INRIAPerson/test_crop_128x256/pos/crop0016412.png
INRIAPerson/test_crop_128x256/pos/crop0016413.png
INRIAPerson/test_crop_128x256/pos/crop0016531.png
INRIAPerson/test_crop_128x256/pos/crop0016541.png
INRIAPerson/test_crop_128x256/pos/crop0016581.png
INRIAPerson/test_crop_128x256/pos/crop0016582.png
INRIAPerson/test_crop_128x256/pos/crop0016583.png
INRIAPerson/test_crop_128x256/pos/crop0016591.png
INRIAPerson/test_crop_128x256/pos/crop0016601.png
INRIAPerson/test_crop_128x256/pos/crop0016611.png
INRIAPerson/test_crop_128x256/pos/crop0016612.png
INRIAPerson/test_crop_128x256/pos/crop0016641.png
INRIAPerson/test_crop_128x256/pos/crop0016642.png
INRIAPerson/test_crop_128x256/pos/crop0016643.png
INRIAPerson/test_crop_128x256/pos/crop0016644.png
INRIAPerson/test_crop_128x256/pos/crop0016701.png
INRIAPerson/test_crop_128x256/pos/crop0016702.png
INRIAPerson/test_crop_128x256/pos/crop0016703.png
INRIAPerson/test_crop_128x256/pos/crop0016704.png
INRIAPerson/test_crop_128x256/pos/crop0016705.png
INRIAPerson/test_crop_128x256/pos/crop0016761.png
INRIAPerson/test_crop_128x256/pos/crop0016762.png
INRIAPerson/test_crop_128x256/pos/crop0016763.png
INRIAPerson/test_crop_128x256/pos/crop0016764.png
INRIAPerson/test_crop_128x256/pos/crop0016765.png
INRIAPerson/test_crop_128x256/pos/crop0016766.png
INRIAPerson/test_crop_128x256/pos/crop0016767.png
INRIAPerson/test_crop_128x256/pos/crop0016821.png
INRIAPerson/test_crop_128x256/pos/crop0016822.png
INRIAPerson/test_crop_128x256/pos/crop0016823.png
INRIAPerson/test_crop_128x256/pos/crop0016824.png
INRIAPerson/test_crop_128x256/pos/crop0016825.png
INRIAPerson/test_crop_128x256/pos/crop0016831.png
INRIAPerson/test_crop_128x256/pos/crop0016832.png
INRIAPerson/test_crop_128x256/pos/crop0016841.png
INRIAPerson/test_crop_128x256/pos/crop0016881.png
INRIAPerson/test_crop_128x256/pos/crop0016882.png
INRIAPerson/test_crop_128x256/pos/crop0017041.png
INRIAPerson/test_crop_128x256/pos/crop0017042.png
INRIAPerson/test_crop_128x256/pos/crop0017043.png
INRIAPerson/test_crop_128x256/pos/crop0017061.png
INRIAPerson/test_crop_128x256/pos/crop0017151.png
INRIAPerson/test_crop_128x256/pos/crop0017152.png
INRIAPerson/test_crop_128x256/pos/crop0017161.png
INRIAPerson/test_crop_128x256/pos/crop0017162.png
INRIAPerson/test_crop_128x256/pos/crop0017181.png
INRIAPerson/test_crop_128x256/pos/crop0017182.png
INRIAPerson/test_crop_128x256/pos/crop0017183.png
INRIAPerson/test_crop_128x256/pos/crop0017184.png
INRIAPerson/test_crop_128x256/pos/crop0017191.png
INRIAPerson/test_crop_128x256/pos/crop0017192.png
INRIAPerson/test_crop_128x256/pos/crop0017193.png
INRIAPerson/test_crop_128x256/pos/crop0017194.png
INRIAPerson/test_crop_128x256/pos/crop0017195.png
INRIAPerson/test_crop_128x256/pos/crop0017196.png
INRIAPerson/test_crop_128x256/pos/crop0017197.png
INRIAPerson/test_crop_128x256/pos/crop0017221.png
INRIAPerson/test_crop_128x256/pos/crop0017222.png
INRIAPerson/test_crop_128x256/pos/crop0017231.png
INRIAPerson/test_crop_128x256/pos/crop0017241.png
INRIAPerson/test_crop_128x256/pos/crop0017242.png
INRIAPerson/test_crop_128x256/pos/crop0017243.png
INRIAPerson/test_crop_128x256/pos/crop0017244.png
INRIAPerson/test_crop_128x256/pos/crop0017251.png
INRIAPerson/test_crop_128x256/pos/crop0017252.png
INRIAPerson/test_crop_128x256/pos/person_0071.png
INRIAPerson/test_crop_128x256/pos/person_0081.png
INRIAPerson/test_crop_128x256/pos/person_0091.png
INRIAPerson/test_crop_128x256/pos/person_0101.png
INRIAPerson/test_crop_128x256/pos/person_0102.png
INRIAPerson/test_crop_128x256/pos/person_0111.png
INRIAPerson/test_crop_128x256/pos/person_0121.png
INRIAPerson/test_crop_128x256/pos/person_0131.png
INRIAPerson/test_crop_128x256/pos/person_0141.png
INRIAPerson/test_crop_128x256/pos/person_0142.png
INRIAPerson/test_crop_128x256/pos/person_0151.png
INRIAPerson/test_crop_128x256/pos/person_0261.png
INRIAPerson/test_crop_128x256/pos/person_0281.png
INRIAPerson/test_crop_128x256/pos/person_0291.png
INRIAPerson/test_crop_128x256/pos/person_0301.png
INRIAPerson/test_crop_128x256/pos/person_0321.png
INRIAPerson/test_crop_128x256/pos/person_0331.png
INRIAPerson/test_crop_128x256/pos/person_0341.png
INRIAPerson/test_crop_128x256/pos/person_0361.png
INRIAPerson/test_crop_128x256/pos/person_0371.png
INRIAPerson/test_crop_128x256/pos/person_0381.png
INRIAPerson/test_crop_128x256/pos/person_0391.png
INRIAPerson/test_crop_128x256/pos/person_0401.png
INRIAPerson/test_crop_128x256/pos/person_0511.png
INRIAPerson/test_crop_128x256/pos/person_0521.png
INRIAPerson/test_crop_128x256/pos/person_0531.png
INRIAPerson/test_crop_128x256/pos/person_0551.png
INRIAPerson/test_crop_128x256/pos/person_0561.png
INRIAPerson/test_crop_128x256/pos/person_0581.png
INRIAPerson/test_crop_128x256/pos/person_0591.png
INRIAPerson/test_crop_128x256/pos/person_0621.png
INRIAPerson/test_crop_128x256/pos/person_0631.png
INRIAPerson/test_crop_128x256/pos/person_0641.png
INRIAPerson/test_crop_128x256/pos/person_0651.png
INRIAPerson/test_crop_128x256/pos/person_0701.png
INRIAPerson/test_crop_128x256/pos/person_0711.png
INRIAPerson/test_crop_128x256/pos/person_0731.png
INRIAPerson/test_crop_128x256/pos/person_0751.png
INRIAPerson/test_crop_128x256/pos/person_0761.png
INRIAPerson/test_crop_128x256/pos/person_0851.png
INRIAPerson/test_crop_128x256/pos/person_0852.png
INRIAPerson/test_crop_128x256/pos/person_0871.png
INRIAPerson/test_crop_128x256/pos/person_0881.png
INRIAPerson/test_crop_128x256/pos/person_0882.png
INRIAPerson/test_crop_128x256/pos/person_0883.png
INRIAPerson/test_crop_128x256/pos/person_0884.png
INRIAPerson/test_crop_128x256/pos/person_0891.png
INRIAPerson/test_crop_128x256/pos/person_0901.png
INRIAPerson/test_crop_128x256/pos/person_0921.png
INRIAPerson/test_crop_128x256/pos/person_0931.png
INRIAPerson/test_crop_128x256/pos/person_0932.png
INRIAPerson/test_crop_128x256/pos/person_0941.png
INRIAPerson/test_crop_128x256/pos/person_0951.png
INRIAPerson/test_crop_128x256/pos/person_0952.png
INRIAPerson/test_crop_128x256/pos/person_0961.png
INRIAPerson/test_crop_128x256/pos/person_0962.png
INRIAPerson/test_crop_128x256/pos/person_0963.png
INRIAPerson/test_crop_128x256/pos/person_0981.png
INRIAPerson/test_crop_128x256/pos/person_0982.png
INRIAPerson/test_crop_128x256/pos/person_0983.png
INRIAPerson/test_crop_128x256/pos/person_0991.png
INRIAPerson/test_crop_128x256/pos/person_1001.png
INRIAPerson/test_crop_128x256/pos/person_1002.png
INRIAPerson/test_crop_128x256/pos/person_1041.png
INRIAPerson/test_crop_128x256/pos/person_1042.png
INRIAPerson/test_crop_128x256/pos/person_1043.png
INRIAPerson/test_crop_128x256/pos/person_1051.png
INRIAPerson/test_crop_128x256/pos/person_1052.png
INRIAPerson/test_crop_128x256/pos/person_1071.png
INRIAPerson/test_crop_128x256/pos/person_1072.png
INRIAPerson/test_crop_128x256/pos/person_1151.png
INRIAPerson/test_crop_128x256/pos/person_1152.png
INRIAPerson/test_crop_128x256/pos/person_1153.png
INRIAPerson/test_crop_128x256/pos/person_1181.png
INRIAPerson/test_crop_128x256/pos/person_1182.png
INRIAPerson/test_crop_128x256/pos/person_1201.png
INRIAPerson/test_crop_128x256/pos/person_1202.png
INRIAPerson/test_crop_128x256/pos/person_1221.png
INRIAPerson/test_crop_128x256/pos/person_1271.png
INRIAPerson/test_crop_128x256/pos/person_1272.png
INRIAPerson/test_crop_128x256/pos/person_1273.png
INRIAPerson/test_crop_128x256/pos/person_1274.png
INRIAPerson/test_crop_128x256/pos/person_1275.png
INRIAPerson/test_crop_128x256/pos/person_1321.png
INRIAPerson/test_crop_128x256/pos/person_1322.png
INRIAPerson/test_crop_128x256/pos/person_1323.png
INRIAPerson/test_crop_128x256/pos/person_1324.png
INRIAPerson/test_crop_128x256/pos/person_1325.png
INRIAPerson/test_crop_128x256/pos/person_1326.png
INRIAPerson/test_crop_128x256/pos/person_1327.png
INRIAPerson/test_crop_128x256/pos/person_1341.png
INRIAPerson/test_crop_128x256/pos/person_1342.png
INRIAPerson/test_crop_128x256/pos/person_1343.png
INRIAPerson/test_crop_128x256/pos/person_1344.png
INRIAPerson/test_crop_128x256/pos/person_1345.png
INRIAPerson/test_crop_128x256/pos/person_1351.png
INRIAPerson/test_crop_128x256/pos/person_1352.png
INRIAPerson/test_crop_128x256/pos/person_1353.png
INRIAPerson/test_crop_128x256/pos/person_1361.png
INRIAPerson/test_crop_128x256/pos/person_1362.png
INRIAPerson/test_crop_128x256/pos/person_1371.png
INRIAPerson/test_crop_128x256/pos/person_1372.png
INRIAPerson/test_crop_128x256/pos/person_1373.png
INRIAPerson/test_crop_128x256/pos/person_1374.png
INRIAPerson/test_crop_128x256/pos/person_1375.png
INRIAPerson/test_crop_128x256/pos/person_1381.png
INRIAPerson/test_crop_128x256/pos/person_1382.png
INRIAPerson/test_crop_128x256/pos/person_1383.png
INRIAPerson/test_crop_128x256/pos/person_1591.png
INRIAPerson/test_crop_128x256/pos/person_1592.png
INRIAPerson/test_crop_128x256/pos/person_1593.png
INRIAPerson/test_crop_128x256/pos/person_1594.png
INRIAPerson/test_crop_128x256/pos/person_1595.png
INRIAPerson/test_crop_128x256/pos/person_1611.png
INRIAPerson/test_crop_128x256/pos/person_1641.png
INRIAPerson/test_crop_128x256/pos/person_1861.png
INRIAPerson/test_crop_128x256/pos/person_1862.png
INRIAPerson/test_crop_128x256/pos/person_1881.png
INRIAPerson/test_crop_128x256/pos/person_1882.png
INRIAPerson/test_crop_128x256/pos/person_1883.png
INRIAPerson/test_crop_128x256/pos/person_1884.png
INRIAPerson/test_crop_128x256/pos/person_1885.png
INRIAPerson/test_crop_128x256/pos/person_1886.png
INRIAPerson/test_crop_128x256/pos/person_1891.png
INRIAPerson/test_crop_128x256/pos/person_1892.png
INRIAPerson/test_crop_128x256/pos/person_1901.png
INRIAPerson/test_crop_128x256/pos/person_1902.png
INRIAPerson/test_crop_128x256/pos/person_1903.png
INRIAPerson/test_crop_128x256/pos/person_1904.png
INRIAPerson/test_crop_128x256/pos/person_1911.png
INRIAPerson/test_crop_128x256/pos/person_1912.png
INRIAPerson/test_crop_128x256/pos/person_1913.png
INRIAPerson/test_crop_128x256/pos/person_1914.png
INRIAPerson/test_crop_128x256/pos/person_1915.png
INRIAPerson/test_crop_128x256/pos/person_1916.png
INRIAPerson/test_crop_128x256/pos/person_1931.png
INRIAPerson/test_crop_128x256/pos/person_1932.png
INRIAPerson/test_crop_128x256/pos/person_1933.png
INRIAPerson/test_crop_128x256/pos/person_1934.png
INRIAPerson/test_crop_128x256/pos/person_1941.png
INRIAPerson/test_crop_128x256/pos/person_1942.png
INRIAPerson/test_crop_128x256/pos/person_1943.png
INRIAPerson/test_crop_128x256/pos/person_1944.png
INRIAPerson/test_crop_128x256/pos/person_1981.png
INRIAPerson/test_crop_128x256/pos/person_1982.png
INRIAPerson/test_crop_128x256/pos/person_20010.png
INRIAPerson/test_crop_128x256/pos/person_20011.png
INRIAPerson/test_crop_128x256/pos/person_20012.png
INRIAPerson/test_crop_128x256/pos/person_20013.png
INRIAPerson/test_crop_128x256/pos/person_20014.png
INRIAPerson/test_crop_128x256/pos/person_20015.png
INRIAPerson/test_crop_128x256/pos/person_20016.png
INRIAPerson/test_crop_128x256/pos/person_2001.png
INRIAPerson/test_crop_128x256/pos/person_2002.png
INRIAPerson/test_crop_128x256/pos/person_2003.png
INRIAPerson/test_crop_128x256/pos/person_2004.png
INRIAPerson/test_crop_128x256/pos/person_2005.png
INRIAPerson/test_crop_128x256/pos/person_2006.png
INRIAPerson/test_crop_128x256/pos/person_2007.png
INRIAPerson/test_crop_128x256/pos/person_2008.png
INRIAPerson/test_crop_128x256/pos/person_2009.png
INRIAPerson/test_crop_128x256/pos/person_2041.png
INRIAPerson/test_crop_128x256/pos/person_2042.png
INRIAPerson/test_crop_128x256/pos/person_2043.png
INRIAPerson/test_crop_128x256/pos/person_2044.png
INRIAPerson/test_crop_128x256/pos/person_2045.png
INRIAPerson/test_crop_128x256/pos/person_2046.png
INRIAPerson/test_crop_128x256/pos/person_2061.png
INRIAPerson/test_crop_128x256/pos/person_2071.png
INRIAPerson/test_crop_128x256/pos/person_2072.png
INRIAPerson/test_crop_128x256/pos/person_2073.png
INRIAPerson/test_crop_128x256/pos/person_2074.png
INRIAPerson/test_crop_128x256/pos/person_2075.png
INRIAPerson/test_crop_128x256/pos/person_2076.png
INRIAPerson/test_crop_128x256/pos/person_2101.png
INRIAPerson/test_crop_128x256/pos/person_2102.png
INRIAPerson/test_crop_128x256/pos/person_2103.png
INRIAPerson/test_crop_128x256/pos/person_2121.png
INRIAPerson/test_crop_128x256/pos/person_2161.png
INRIAPerson/test_crop_128x256/pos/person_2162.png
INRIAPerson/test_crop_128x256/pos/person_2171.png
INRIAPerson/test_crop_128x256/pos/person_2172.png
INRIAPerson/test_crop_128x256/pos/person_2173.png
INRIAPerson/test_crop_128x256/pos/person_2174.png
INRIAPerson/test_crop_128x256/pos/person_2175.png
INRIAPerson/test_crop_128x256/pos/person_2181.png
INRIAPerson/test_crop_128x256/pos/person_2182.png
INRIAPerson/test_crop_128x256/pos/person_2221.png
INRIAPerson/test_crop_128x256/pos/person_2222.png
INRIAPerson/test_crop_128x256/pos/person_2223.png
INRIAPerson/test_crop_128x256/pos/person_2301.png
INRIAPerson/test_crop_128x256/pos/person_2302.png
INRIAPerson/test_crop_128x256/pos/person_2303.png
INRIAPerson/test_crop_128x256/pos/person_2304.png
INRIAPerson/test_crop_128x256/pos/person_2305.png
INRIAPerson/test_crop_128x256/pos/person_2361.png
INRIAPerson/test_crop_128x256/pos/person_2362.png
INRIAPerson/test_crop_128x256/pos/person_2363.png
INRIAPerson/test_crop_128x256/pos/person_2364.png
INRIAPerson/test_crop_128x256/pos/person_2365.png
INRIAPerson/test_crop_128x256/pos/person_2366.png
INRIAPerson/test_crop_128x256/pos/person_2367.png
INRIAPerson/test_crop_128x256/pos/person_2368.png
INRIAPerson/test_crop_128x256/pos/person_2461.png
INRIAPerson/test_crop_128x256/pos/person_2462.png
INRIAPerson/test_crop_128x256/pos/person_2471.png
INRIAPerson/test_crop_128x256/pos/person_2472.png
INRIAPerson/test_crop_128x256/pos/person_2481.png
INRIAPerson/test_crop_128x256/pos/person_2482.png
INRIAPerson/test_crop_128x256/pos/person_2491.png
INRIAPerson/test_crop_128x256/pos/person_2492.png
INRIAPerson/test_crop_128x256/pos/person_2493.png
INRIAPerson/test_crop_128x256/pos/person_2494.png
INRIAPerson/test_crop_128x256/pos/person_2501.png
INRIAPerson/test_crop_128x256/pos/person_2502.png
INRIAPerson/test_crop_128x256/pos/person_2503.png
INRIAPerson/test_crop_128x256/pos/person_2511.png
INRIAPerson/test_crop_128x256/pos/person_2512.png
INRIAPerson/test_crop_128x256/pos/person_2513.png
INRIAPerson/test_crop_128x256/pos/person_2551.png
INRIAPerson/test_crop_128x256/pos/person_2552.png
INRIAPerson/test_crop_128x256/pos/person_2631.png
INRIAPerson/test_crop_128x256/pos/person_2632.png
INRIAPerson/test_crop_128x256/pos/person_2633.png
INRIAPerson/test_crop_128x256/pos/person_2634.png
INRIAPerson/test_crop_128x256/pos/person_2635.png
INRIAPerson/test_crop_128x256/pos/person_2651.png
INRIAPerson/test_crop_128x256/pos/person_2652.png
INRIAPerson/test_crop_128x256/pos/person_2653.png
INRIAPerson/test_crop_128x256/pos/person_2654.png
INRIAPerson/test_crop_128x256/pos/person_2721.png
INRIAPerson/test_crop_128x256/pos/person_2722.png
INRIAPerson/test_crop_128x256/pos/person_2723.png
INRIAPerson/test_crop_128x256/pos/person_2724.png
INRIAPerson/test_crop_128x256/pos/person_2801.png
INRIAPerson/test_crop_128x256/pos/person_2802.png
INRIAPerson/test_crop_128x256/pos/person_2803.png
INRIAPerson/test_crop_128x256/pos/person_2804.png
INRIAPerson/test_crop_128x256/pos/person_2821.png
INRIAPerson/test_crop_128x256/pos/person_2822.png
INRIAPerson/test_crop_128x256/pos/person_2901.png
INRIAPerson/test_crop_128x256/pos/person_2931.png
INRIAPerson/test_crop_128x256/pos/person_2932.png
INRIAPerson/test_crop_128x256/pos/person_2933.png
INRIAPerson/test_crop_128x256/pos/person_3031.png
INRIAPerson/test_crop_128x256/pos/person_3032.png
INRIAPerson/test_crop_128x256/pos/person_3033.png
INRIAPerson/test_crop_128x256/pos/person_3034.png
INRIAPerson/test_crop_128x256/pos/person_3035.png
INRIAPerson/test_crop_128x256/pos/person_3036.png
INRIAPerson/test_crop_128x256/pos/person_3061.png
INRIAPerson/test_crop_128x256/pos/person_3062.png
INRIAPerson/test_crop_128x256/pos/person_3063.png
INRIAPerson/test_crop_128x256/pos/person_3141.png
INRIAPerson/test_crop_128x256/pos/person_3142.png
INRIAPerson/test_crop_128x256/pos/person_3151.png
INRIAPerson/test_crop_128x256/pos/person_3152.png
INRIAPerson/test_crop_128x256/pos/person_3153.png
INRIAPerson/test_crop_128x256/pos/person_3161.png
INRIAPerson/test_crop_128x256/pos/person_3162.png
INRIAPerson/test_crop_128x256/pos/person_3171.png
INRIAPerson/test_crop_128x256/pos/person_3172.png
INRIAPerson/test_crop_128x256/pos/person_3173.png
INRIAPerson/test_crop_128x256/pos/person_3181.png
INRIAPerson/test_crop_128x256/pos/person_3182.png
INRIAPerson/test_crop_128x256/pos/person_3231.png
INRIAPerson/test_crop_128x256/pos/person_3232.png
INRIAPerson/test_crop_128x256/pos/person_3251.png
INRIAPerson/test_crop_128x256/pos/person_3252.png
INRIAPerson/test_crop_128x256/pos/person_3351.png
INRIAPerson/test_crop_128x256/pos/person_3352.png
INRIAPerson/test_crop_128x256/pos/person_3353.png
INRIAPerson/test_crop_128x256/pos/person_3361.png
INRIAPerson/test_crop_128x256/pos/person_3362.png
INRIAPerson/test_crop_128x256/pos/person_3363.png
INRIAPerson/test_crop_128x256/pos/person_3364.png
INRIAPerson/test_crop_128x256/pos/person_3371.png
INRIAPerson/test_crop_128x256/pos/person_3372.png
INRIAPerson/test_crop_128x256/pos/person_3373.png
INRIAPerson/test_crop_128x256/pos/person_3374.png
INRIAPerson/test_crop_128x256/pos/person_3375.png
INRIAPerson/test_crop_128x256/pos/person_3471.png
INRIAPerson/test_crop_128x256/pos/person_3472.png
INRIAPerson/test_crop_128x256/pos/person_3473.png
INRIAPerson/test_crop_128x256/pos/person_3501.png
INRIAPerson/test_crop_128x256/pos/person_3502.png
INRIAPerson/test_crop_128x256/pos/person_3503.png
INRIAPerson/test_crop_128x256/pos/person_3504.png
INRIAPerson/test_crop_128x256/pos/person_and_bike_0041.png
INRIAPerson/test_crop_128x256/pos/person_and_bike_0061.png
INRIAPerson/test_crop_128x256/pos/person_and_bike_0062.png
INRIAPerson/test_crop_128x256/pos/person_and_bike_0121.png
INRIAPerson/test_crop_128x256/pos/person_and_bike_0122.png
INRIAPerson/test_crop_128x256/pos/person_and_bike_0123.png
INRIAPerson/test_crop_128x256/pos/person_and_bike_0141.png
INRIAPerson/test_crop_128x256/pos/person_and_bike_0142.png
INRIAPerson/test_crop_128x256/pos/person_and_bike_0271.png
INRIAPerson/test_crop_128x256/pos/person_and_bike_0272.png
INRIAPerson/test_crop_128x256/pos/person_and_bike_0281.png
INRIAPerson/test_crop_128x256/pos/person_and_bike_0282.png
INRIAPerson/test_crop_128x256/pos/person_and_bike_0283.png
INRIAPerson/test_crop_128x256/pos/person_and_bike_0284.png
INRIAPerson/test_crop_128x256/pos/person_and_bike_0285.png
INRIAPerson/test_crop_128x256/pos/person_and_bike_0286.png
INRIAPerson/test_crop_128x256/pos/person_and_bike_0291.png
INRIAPerson/test_crop_128x256/pos/person_and_bike_0292.png
INRIAPerson/test_crop_128x256/pos/person_and_bike_0351.png
INRIAPerson/test_crop_128x256/pos/person_and_bike_0352.png
INRIAPerson/test_crop_128x256/pos/person_and_bike_0381.png
INRIAPerson/test_crop_128x256/pos/person_and_bike_0382.png
INRIAPerson/test_crop_128x256/pos/person_and_bike_0383.png
INRIAPerson/test_crop_128x256/pos/person_and_bike_0384.png
INRIAPerson/test_crop_128x256/pos/person_and_bike_0421.png
INRIAPerson/test_crop_128x256/pos/person_and_bike_0431.png
INRIAPerson/test_crop_128x256/pos/person_and_bike_0441.png
INRIAPerson/test_crop_128x256/pos/person_and_bike_0451.png
INRIAPerson/test_crop_128x256/pos/person_and_bike_0461.png
INRIAPerson/test_crop_128x256/pos/person_and_bike_0471.png
INRIAPerson/test_crop_128x256/pos/person_and_bike_0481.png
INRIAPerson/test_crop_128x256/pos/person_and_bike_0491.png
INRIAPerson/test_crop_128x256/pos/person_and_bike_0501.png
INRIAPerson/test_crop_128x256/pos/person_and_bike_0511.png
INRIAPerson/test_crop_128x256/pos/person_and_bike_0521.png
INRIAPerson/test_crop_128x256/pos/person_and_bike_0531.png
INRIAPerson/test_crop_128x256/pos/person_and_bike_0541.png
INRIAPerson/test_crop_128x256/pos/person_and_bike_0551.png
INRIAPerson/test_crop_128x256/pos/person_and_bike_0561.png
INRIAPerson/test_crop_128x256/pos/person_and_bike_0571.png
INRIAPerson/test_crop_128x256/pos/person_and_bike_0581.png
INRIAPerson/test_crop_128x256/pos/person_and_bike_0591.png
INRIAPerson/test_crop_128x256/pos/person_and_bike_0601.png
INRIAPerson/test_crop_128x256/pos/person_and_bike_0611.png
INRIAPerson/test_crop_128x256/pos/person_and_bike_0621.png
INRIAPerson/test_crop_128x256/pos/person_and_bike_0631.png
INRIAPerson/test_crop_128x256/pos/person_and_bike_0641.png
INRIAPerson/test_crop_128x256/pos/person_and_bike_0651.png
INRIAPerson/test_crop_128x256/pos/person_and_bike_0661.png
INRIAPerson/test_crop_128x256/pos/person_and_bike_0671.png
INRIAPerson/test_crop_128x256/pos/person_and_bike_0691.png
INRIAPerson/test_crop_128x256/pos/person_and_bike_0701.png
INRIAPerson/test_crop_128x256/pos/person_and_bike_0711.png
INRIAPerson/test_crop_128x256/pos/person_and_bike_0721.png
INRIAPerson/test_crop_128x256/pos/person_and_bike_0731.png
INRIAPerson/test_crop_128x256/pos/person_and_bike_0761.png
INRIAPerson/test_crop_128x256/pos/person_and_bike_0762.png
INRIAPerson/test_crop_128x256/pos/person_and_bike_0771.png
INRIAPerson/test_crop_128x256/pos/person_and_bike_0791.png
INRIAPerson/test_crop_128x256/pos/person_and_bike_0801.png
INRIAPerson/test_crop_128x256/pos/person_and_bike_0811.png
INRIAPerson/test_crop_128x256/pos/person_and_bike_0821.png
INRIAPerson/test_crop_128x256/pos/person_and_bike_0831.png
INRIAPerson/test_crop_128x256/pos/person_and_bike_0841.png
INRIAPerson/test_crop_128x256/pos/person_and_bike_0851.png
INRIAPerson/test_crop_128x256/pos/person_and_bike_0861.png
INRIAPerson/test_crop_128x256/pos/person_and_bike_0871.png
INRIAPerson/test_crop_128x256/pos/person_and_bike_0881.png
INRIAPerson/test_crop_128x256/pos/person_and_bike_0891.png
INRIAPerson/test_crop_128x256/pos/person_and_bike_0901.png
INRIAPerson/test_crop_128x256/pos/person_and_bike_0911.png
INRIAPerson/test_crop_128x256/pos/person_and_bike_0921.png
INRIAPerson/test_crop_128x256/pos/person_and_bike_0931.png
INRIAPerson/test_crop_128x256/pos/person_and_bike_0941.png
INRIAPerson/test_crop_128x256/pos/person_and_bike_0951.png
INRIAPerson/test_crop_128x256/pos/person_and_bike_0961.png
INRIAPerson/test_crop_128x256/pos/person_and_bike_0971.png
INRIAPerson/test_crop_128x256/pos/person_and_bike_0981.png
INRIAPerson/test_crop_128x256/pos/person_and_bike_0991.png
INRIAPerson/test_crop_128x256/pos/person_and_bike_1001.png
INRIAPerson/test_crop_128x256/pos/person_and_bike_1011.png
INRIAPerson/test_crop_128x256/pos/person_and_bike_1021.png
INRIAPerson/test_crop_128x256/pos/person_and_bike_1031.png
INRIAPerson/test_crop_128x256/pos/person_and_bike_1041.png
INRIAPerson/test_crop_128x256/pos/person_and_bike_1051.png
INRIAPerson/test_crop_128x256/pos/person_and_bike_1061.png
INRIAPerson/test_crop_128x256/pos/person_and_bike_1071.png
INRIAPerson/test_crop_128x256/pos/person_and_bike_1081.png
INRIAPerson/test_crop_128x256/pos/person_and_bike_1091.png
INRIAPerson/test_crop_128x256/pos/person_and_bike_1101.png
INRIAPerson/test_crop_128x256/pos/person_and_bike_1111.png
INRIAPerson/test_crop_128x256/pos/person_and_bike_1121.png
INRIAPerson/test_crop_128x256/pos/person_and_bike_1131.png
INRIAPerson/test_crop_128x256/pos/person_and_bike_1141.png
INRIAPerson/test_crop_128x256/pos/person_and_bike_1261.png
INRIAPerson/test_crop_128x256/pos/person_and_bike_1262.png
INRIAPerson/test_crop_128x256/pos/person_and_bike_1263.png
INRIAPerson/test_crop_128x256/pos/person_and_bike_1264.png
INRIAPerson/test_crop_128x256/pos/person_and_bike_1331.png
INRIAPerson/test_crop_128x256/pos/person_and_bike_1332.png
INRIAPerson/test_crop_128x256/pos/person_and_bike_1361.png
INRIAPerson/test_crop_128x256/pos/person_and_bike_1362.png
INRIAPerson/test_crop_128x256/pos/person_and_bike_1363.png
INRIAPerson/test_crop_128x256/pos/person_and_bike_1364.png
INRIAPerson/test_crop_128x256/pos/person_and_bike_1401.png
INRIAPerson/test_crop_128x256/pos/person_and_bike_1411.png
INRIAPerson/test_crop_128x256/pos/person_and_bike_1491.png
INRIAPerson/test_crop_128x256/pos/person_and_bike_1531.png
INRIAPerson/test_crop_128x256/pos/person_and_bike_1591.png
INRIAPerson/test_crop_128x256/pos/person_and_bike_1601.png
INRIAPerson/test_crop_128x256/pos/person_and_bike_1611.png
INRIAPerson/test_crop_128x256/pos/person_and_bike_1621.png
INRIAPerson/test_crop_128x256/pos/person_and_bike_1631.png
INRIAPerson/test_crop_128x256/pos/person_and_bike_1641.png
INRIAPerson/test_crop_128x256/pos/person_and_bike_1651.png
INRIAPerson/test_crop_128x256/pos/person_and_bike_1771.png
INRIAPerson/test_crop_128x256/pos/person_and_bike_1811.png
INRIAPerson/test_crop_128x256/pos/person_and_bike_1812.png
INRIAPerson/test_crop_128x256/pos/person_and_bike_1881.png
INRIAPerson/test_crop_128x256/pos/person_and_bike_1882.png
INRIAPerson/test_crop_128x256/pos/person_and_bike_1891.png
INRIAPerson/test_crop_128x256/pos/person_and_bike_1901.png
INRIAPerson/test_crop_128x256/pos/person_and_bike_1902.png
