INRIAPerson/test_crop_128x256/pos/person_2303.png
INRIAPerson/test_crop_128x256/pos/person_2304.png
INRIAPerson/test_crop_128x256/pos/person_2305.png
INRIAPerson/test_crop_128x256/pos/person_2361.png
INRIAPerson/test_crop_128x256/pos/person_2362.png
INRIAPerson/test_crop_128x256/pos/person_2363.png
INRIAPerson/test_crop_128x256/pos/person_2364.png
INRIAPerson/test_crop_128x256/pos/person_2365.png
INRIAPerson/test_crop_128x256/pos/person_2366.png
INRIAPerson/test_crop_128x256/pos/person_2367.png
INRIAPerson/test_crop_128x256/pos/person_2368.png
INRIAPerson/test_crop_128x256/pos/person_2461.png
INRIAPerson/test_crop_128x256/pos/person_2462.png
INRIAPerson/test_crop_128x256/pos/person_2471.png
INRIAPerson/test_crop_128x256/pos/person_2472.png
INRIAPerson/test_crop_128x256/pos/person_2481.png
INRIAPerson/test_crop_128x256/pos/person_2482.png
INRIAPerson/test_crop_128x256/pos/person_2491.png
INRIAPerson/test_crop_128x256/pos/person_2492.png
INRIAPerson/test_crop_128x256/pos/person_2493.png
INRIAPerson/test_crop_128x256/pos/person_2494.png
INRIAPerson/test_crop_128x256/pos/person_2501.png
INRIAPerson/test_crop_128x256/pos/person_2502.png
INRIAPerson/test_crop_128x256/pos/person_2503.png
INRIAPerson/test_crop_128x256/pos/person_2511.png
INRIAPerson/test_crop_128x256/pos/person_2512.png
INRIAPerson/test_crop_128x256/pos/person_2513.png
INRIAPerson/test_crop_128x256/pos/person_2551.png
INRIAPerson/test_crop_128x256/pos/person_2552.png
INRIAPerson/test_crop_128x256/pos/person_2631.png
INRIAPerson/test_crop_128x256/pos/person_2632.png
INRIAPerson/test_crop_128x256/pos/person_2633.png
INRIAPerson/test_crop_128x256/pos/person_2634.png
INRIAPerson/test_crop_128x256/pos/person_2635.png
INRIAPerson/test_crop_128x256/pos/person_2651.png
INRIAPerson/test_crop_128x256/pos/person_2652.png
INRIAPerson/test_crop_128x256/pos/person_2653.png
INRIAPerson/test_crop_128x256/pos/person_2654.png
INRIAPerson/test_crop_128x256/pos/person_2721.png
INRIAPerson/test_crop_128x256/pos/person_2722.png
INRIAPerson/test_crop_128x256/pos/person_2723.png
INRIAPerson/test_crop_128x256/pos/person_2724.png
INRIAPerson/test_crop_128x256/pos/person_2801.png
INRIAPerson/test_crop_128x256/pos/person_2802.png
INRIAPerson/test_crop_128x256/pos/person_2803.png
INRIAPerson/test_crop_128x256/pos/person_2804.png
INRIAPerson/test_crop_128x256/pos/person_2821.png
INRIAPerson/test_crop_128x256/pos/person_2822.png
INRIAPerson/test_crop_128x256/pos/person_2901.png
INRIAPerson/test_crop_128x256/pos/person_2931.png
INRIAPerson/test_crop_128x256/pos/person_2932.png
INRIAPerson/test_crop_128x256/pos/person_2933.png
INRIAPerson/test_crop_128x256/pos/person_3031.png
INRIAPerson/test_crop_128x256/pos/person_3032.png
INRIAPerson/test_crop_128x256/pos/person_3033.png
INRIAPerson/test_crop_128x256/pos/person_3034.png
INRIAPerson/test_crop_128x256/pos/person_3035.png
INRIAPerson/test_crop_128x256/pos/person_3036.png
INRIAPerson/test_crop_128x256/pos/person_3061.png
INRIAPerson/test_crop_128x256/pos/person_3062.png
INRIAPerson/test_crop_128x256/pos/person_3063.png
INRIAPerson/test_crop_128x256/pos/person_3141.png
INRIAPerson/test_crop_128x256/pos/person_3142.png
INRIAPerson/test_crop_128x256/pos/person_3151.png
INRIAPerson/test_crop_128x256/pos/person_3152.png
INRIAPerson/test_crop_128x256/pos/person_3153.png
INRIAPerson/test_crop_128x256/pos/person_3161.png
INRIAPerson/test_crop_128x256/pos/person_3162.png
INRIAPerson/test_crop_128x256/pos/person_3171.png
INRIAPerson/test_crop_128x256/pos/person_3172.png
INRIAPerson/test_crop_128x256/pos/person_3173.png
INRIAPerson/test_crop_128x256/pos/person_3181.png
INRIAPerson/test_crop_128x256/pos/person_3182.png
INRIAPerson/test_crop_128x256/pos/person_3231.png
