INRIAPerson/test_crop_256x512/pos/person_1882.png
INRIAPerson/test_crop_256x512/pos/person_1883.png
INRIAPerson/test_crop_256x512/pos/person_1884.png
INRIAPerson/test_crop_256x512/pos/person_1885.png
INRIAPerson/test_crop_256x512/pos/person_1886.png
INRIAPerson/test_crop_256x512/pos/person_1891.png
INRIAPerson/test_crop_256x512/pos/person_1892.png
INRIAPerson/test_crop_256x512/pos/person_1901.png
INRIAPerson/test_crop_256x512/pos/person_1902.png
INRIAPerson/test_crop_256x512/pos/person_1903.png
INRIAPerson/test_crop_256x512/pos/person_1904.png
INRIAPerson/test_crop_256x512/pos/person_1911.png
INRIAPerson/test_crop_256x512/pos/person_1912.png
INRIAPerson/test_crop_256x512/pos/person_1913.png
INRIAPerson/test_crop_256x512/pos/person_1914.png
INRIAPerson/test_crop_256x512/pos/person_1915.png
INRIAPerson/test_crop_256x512/pos/person_1916.png
INRIAPerson/test_crop_256x512/pos/person_1931.png
INRIAPerson/test_crop_256x512/pos/person_1932.png
INRIAPerson/test_crop_256x512/pos/person_1933.png
INRIAPerson/test_crop_256x512/pos/person_1934.png
INRIAPerson/test_crop_256x512/pos/person_1941.png
INRIAPerson/test_crop_256x512/pos/person_1942.png
INRIAPerson/test_crop_256x512/pos/person_1943.png
INRIAPerson/test_crop_256x512/pos/person_1944.png
INRIAPerson/test_crop_256x512/pos/person_1981.png
INRIAPerson/test_crop_256x512/pos/person_1982.png
INRIAPerson/test_crop_256x512/pos/person_20010.png
INRIAPerson/test_crop_256x512/pos/person_20011.png
INRIAPerson/test_crop_256x512/pos/person_20012.png
INRIAPerson/test_crop_256x512/pos/person_20013.png
INRIAPerson/test_crop_256x512/pos/person_20014.png
INRIAPerson/test_crop_256x512/pos/person_20015.png
INRIAPerson/test_crop_256x512/pos/person_20016.png
INRIAPerson/test_crop_256x512/pos/person_2001.png
INRIAPerson/test_crop_256x512/pos/person_2002.png
INRIAPerson/test_crop_256x512/pos/person_2003.png
INRIAPerson/test_crop_256x512/pos/person_2004.png
INRIAPerson/test_crop_256x512/pos/person_2005.png
INRIAPerson/test_crop_256x512/pos/person_2006.png
INRIAPerson/test_crop_256x512/pos/person_2007.png
INRIAPerson/test_crop_256x512/pos/person_2008.png
INRIAPerson/test_crop_256x512/pos/person_2009.png
INRIAPerson/test_crop_256x512/pos/person_2041.png
INRIAPerson/test_crop_256x512/pos/person_2042.png
INRIAPerson/test_crop_256x512/pos/person_2043.png
INRIAPerson/test_crop_256x512/pos/person_2044.png
INRIAPerson/test_crop_256x512/pos/person_2045.png
INRIAPerson/test_crop_256x512/pos/person_2046.png
INRIAPerson/test_crop_256x512/pos/person_2061.png
INRIAPerson/test_crop_256x512/pos/person_2071.png
INRIAPerson/test_crop_256x512/pos/person_2072.png
INRIAPerson/test_crop_256x512/pos/person_2073.png
INRIAPerson/test_crop_256x512/pos/person_2074.png
INRIAPerson/test_crop_256x512/pos/person_2075.png
INRIAPerson/test_crop_256x512/pos/person_2076.png
INRIAPerson/test_crop_256x512/pos/person_2101.png
INRIAPerson/test_crop_256x512/pos/person_2102.png
INRIAPerson/test_crop_256x512/pos/person_2103.png
INRIAPerson/test_crop_256x512/pos/person_2121.png
INRIAPerson/test_crop_256x512/pos/person_2161.png
INRIAPerson/test_crop_256x512/pos/person_2162.png
INRIAPerson/test_crop_256x512/pos/person_2171.png
INRIAPerson/test_crop_256x512/pos/person_2172.png
INRIAPerson/test_crop_256x512/pos/person_2173.png
INRIAPerson/test_crop_256x512/pos/person_2174.png
INRIAPerson/test_crop_256x512/pos/person_2175.png
INRIAPerson/test_crop_256x512/pos/person_2181.png
INRIAPerson/test_crop_256x512/pos/person_2182.png
INRIAPerson/test_crop_256x512/pos/person_2221.png
INRIAPerson/test_crop_256x512/pos/person_2222.png
INRIAPerson/test_crop_256x512/pos/person_2223.png
INRIAPerson/test_crop_256x512/pos/person_2301.png
INRIAPerson/test_crop_256x512/pos/person_2302.png
