INRIAPerson/Train/annotations/crop_000010.txt
INRIAPerson/Train/annotations/crop_000011.txt
INRIAPerson/Train/annotations/crop_000603.txt
INRIAPerson/Train/annotations/crop_000606.txt
INRIAPerson/Train/annotations/crop_000607.txt
INRIAPerson/Train/annotations/crop_000608.txt
INRIAPerson/Train/annotations/crop001001.txt
INRIAPerson/Train/annotations/crop001002.txt
INRIAPerson/Train/annotations/crop001003.txt
INRIAPerson/Train/annotations/crop001004.txt
INRIAPerson/Train/annotations/crop001005.txt
INRIAPerson/Train/annotations/crop001006.txt
INRIAPerson/Train/annotations/crop001007.txt
INRIAPerson/Train/annotations/crop001008.txt
INRIAPerson/Train/annotations/crop001009.txt
INRIAPerson/Train/annotations/crop001010.txt
INRIAPerson/Train/annotations/crop001011.txt
INRIAPerson/Train/annotations/crop001012.txt
INRIAPerson/Train/annotations/crop001013.txt
INRIAPerson/Train/annotations/crop001014.txt
INRIAPerson/Train/annotations/crop001015.txt
INRIAPerson/Train/annotations/crop001016.txt
INRIAPerson/Train/annotations/crop001017.txt
INRIAPerson/Train/annotations/crop001018.txt
INRIAPerson/Train/annotations/crop001019.txt
INRIAPerson/Train/annotations/crop001020.txt
INRIAPerson/Train/annotations/crop001021.txt
INRIAPerson/Train/annotations/crop001022.txt
INRIAPerson/Train/annotations/crop001023.txt
INRIAPerson/Train/annotations/crop001024.txt
INRIAPerson/Train/annotations/crop001025.txt
INRIAPerson/Train/annotations/crop001026.txt
INRIAPerson/Train/annotations/crop001027.txt
INRIAPerson/Train/annotations/crop001028.txt
INRIAPerson/Train/annotations/crop001029.txt
INRIAPerson/Train/annotations/crop001030.txt
INRIAPerson/Train/annotations/crop001031.txt
INRIAPerson/Train/annotations/crop001032.txt
INRIAPerson/Train/annotations/crop001033.txt
INRIAPerson/Train/annotations/crop001034.txt
INRIAPerson/Train/annotations/crop001035.txt
INRIAPerson/Train/annotations/crop001036.txt
INRIAPerson/Train/annotations/crop001037.txt
INRIAPerson/Train/annotations/crop001038.txt
INRIAPerson/Train/annotations/crop001039.txt
INRIAPerson/Train/annotations/crop001040.txt
INRIAPerson/Train/annotations/crop001042.txt
INRIAPerson/Train/annotations/crop001043.txt
INRIAPerson/Train/annotations/crop001044.txt
INRIAPerson/Train/annotations/crop001045.txt
INRIAPerson/Train/annotations/crop001046.txt
INRIAPerson/Train/annotations/crop001047.txt
INRIAPerson/Train/annotations/crop001048.txt
INRIAPerson/Train/annotations/crop001049.txt
INRIAPerson/Train/annotations/crop001050.txt
INRIAPerson/Train/annotations/crop001051.txt
INRIAPerson/Train/annotations/crop001052.txt
INRIAPerson/Train/annotations/crop001053.txt
INRIAPerson/Train/annotations/crop001054.txt
INRIAPerson/Train/annotations/crop001055.txt
INRIAPerson/Train/annotations/crop001056.txt
INRIAPerson/Train/annotations/crop001057.txt
INRIAPerson/Train/annotations/crop001058.txt
INRIAPerson/Train/annotations/crop001059.txt
INRIAPerson/Train/annotations/crop001060.txt
INRIAPerson/Train/annotations/crop001061.txt
INRIAPerson/Train/annotations/crop001063.txt
INRIAPerson/Train/annotations/crop001064.txt
INRIAPerson/Train/annotations/crop001066.txt
INRIAPerson/Train/annotations/crop001068.txt
INRIAPerson/Train/annotations/crop001069.txt
INRIAPerson/Train/annotations/crop001070.txt
INRIAPerson/Train/annotations/crop001071.txt
INRIAPerson/Train/annotations/crop001072.txt
INRIAPerson/Train/annotations/crop001073.txt
INRIAPerson/Train/annotations/crop001074.txt
INRIAPerson/Train/annotations/crop001075.txt
INRIAPerson/Train/annotations/crop001078.txt
INRIAPerson/Train/annotations/crop001079.txt
INRIAPerson/Train/annotations/crop001081.txt
INRIAPerson/Train/annotations/crop001083.txt
INRIAPerson/Train/annotations/crop001084.txt
INRIAPerson/Train/annotations/crop001085.txt
INRIAPerson/Train/annotations/crop001086.txt
INRIAPerson/Train/annotations/crop001087.txt
INRIAPerson/Train/annotations/crop001088.txt
INRIAPerson/Train/annotations/crop001089.txt
INRIAPerson/Train/annotations/crop001090.txt
INRIAPerson/Train/annotations/crop001091.txt
INRIAPerson/Train/annotations/crop001092.txt
INRIAPerson/Train/annotations/crop001093.txt
INRIAPerson/Train/annotations/crop001094.txt
INRIAPerson/Train/annotations/crop001095.txt
INRIAPerson/Train/annotations/crop001096.txt
INRIAPerson/Train/annotations/crop001097.txt
INRIAPerson/Train/annotations/crop001098.txt
INRIAPerson/Train/annotations/crop001099.txt
INRIAPerson/Train/annotations/crop001102.txt
INRIAPerson/Train/annotations/crop001103.txt
INRIAPerson/Train/annotations/crop001104.txt
INRIAPerson/Train/annotations/crop001105.txt
INRIAPerson/Train/annotations/crop001106.txt
INRIAPerson/Train/annotations/crop001107.txt
INRIAPerson/Train/annotations/crop001108.txt
INRIAPerson/Train/annotations/crop001109.txt
INRIAPerson/Train/annotations/crop001110.txt
INRIAPerson/Train/annotations/crop001111.txt
INRIAPerson/Train/annotations/crop001112.txt
INRIAPerson/Train/annotations/crop001113.txt
INRIAPerson/Train/annotations/crop001114.txt
INRIAPerson/Train/annotations/crop001115.txt
INRIAPerson/Train/annotations/crop001116.txt
INRIAPerson/Train/annotations/crop001119.txt
INRIAPerson/Train/annotations/crop001120.txt
INRIAPerson/Train/annotations/crop001121.txt
INRIAPerson/Train/annotations/crop001122.txt
INRIAPerson/Train/annotations/crop001123.txt
INRIAPerson/Train/annotations/crop001124.txt
INRIAPerson/Train/annotations/crop001125.txt
INRIAPerson/Train/annotations/crop001126.txt
INRIAPerson/Train/annotations/crop001127.txt
INRIAPerson/Train/annotations/crop001128.txt
INRIAPerson/Train/annotations/crop001129.txt
INRIAPerson/Train/annotations/crop001130.txt
INRIAPerson/Train/annotations/crop001131.txt
INRIAPerson/Train/annotations/crop001132.txt
INRIAPerson/Train/annotations/crop001133.txt
INRIAPerson/Train/annotations/crop001134.txt
INRIAPerson/Train/annotations/crop001135.txt
INRIAPerson/Train/annotations/crop001136.txt
INRIAPerson/Train/annotations/crop001137.txt
INRIAPerson/Train/annotations/crop001138.txt
INRIAPerson/Train/annotations/crop001140.txt
INRIAPerson/Train/annotations/crop001141.txt
INRIAPerson/Train/annotations/crop001142.txt
INRIAPerson/Train/annotations/crop001143.txt
INRIAPerson/Train/annotations/crop001144.txt
INRIAPerson/Train/annotations/crop001145.txt
INRIAPerson/Train/annotations/crop001146.txt
INRIAPerson/Train/annotations/crop001147.txt
INRIAPerson/Train/annotations/crop001148.txt
INRIAPerson/Train/annotations/crop001149.txt
INRIAPerson/Train/annotations/crop001150.txt
INRIAPerson/Train/annotations/crop001151.txt
INRIAPerson/Train/annotations/crop001152.txt
INRIAPerson/Train/annotations/crop001153.txt
INRIAPerson/Train/annotations/crop001154.txt
INRIAPerson/Train/annotations/crop001155.txt
INRIAPerson/Train/annotations/crop001156.txt
INRIAPerson/Train/annotations/crop001158.txt
INRIAPerson/Train/annotations/crop001160.txt
INRIAPerson/Train/annotations/crop001162.txt
INRIAPerson/Train/annotations/crop001163.txt
INRIAPerson/Train/annotations/crop001164.txt
INRIAPerson/Train/annotations/crop001200.txt
INRIAPerson/Train/annotations/crop001201.txt
INRIAPerson/Train/annotations/crop001202.txt
INRIAPerson/Train/annotations/crop001205.txt
INRIAPerson/Train/annotations/crop001206.txt
INRIAPerson/Train/annotations/crop001207.txt
INRIAPerson/Train/annotations/crop001208.txt
INRIAPerson/Train/annotations/crop001210.txt
INRIAPerson/Train/annotations/crop001211.txt
INRIAPerson/Train/annotations/crop001212.txt
INRIAPerson/Train/annotations/crop001213.txt
INRIAPerson/Train/annotations/crop001214.txt
INRIAPerson/Train/annotations/crop001216.txt
INRIAPerson/Train/annotations/crop001217.txt
INRIAPerson/Train/annotations/crop001218.txt
INRIAPerson/Train/annotations/crop001219.txt
INRIAPerson/Train/annotations/crop001220.txt
INRIAPerson/Train/annotations/crop001222.txt
INRIAPerson/Train/annotations/crop001230.txt
INRIAPerson/Train/annotations/crop001231.txt
INRIAPerson/Train/annotations/crop001232.txt
INRIAPerson/Train/annotations/crop001234.txt
INRIAPerson/Train/annotations/crop001235.txt
INRIAPerson/Train/annotations/crop001236.txt
INRIAPerson/Train/annotations/crop001237.txt
INRIAPerson/Train/annotations/crop001238.txt
INRIAPerson/Train/annotations/crop001241.txt
INRIAPerson/Train/annotations/crop001242.txt
INRIAPerson/Train/annotations/crop001246.txt
INRIAPerson/Train/annotations/crop001247.txt
INRIAPerson/Train/annotations/crop001248.txt
INRIAPerson/Train/annotations/crop001250.txt
INRIAPerson/Train/annotations/crop001251.txt
INRIAPerson/Train/annotations/crop001252.txt
INRIAPerson/Train/annotations/crop001253.txt
INRIAPerson/Train/annotations/crop001254.txt
INRIAPerson/Train/annotations/crop001255.txt
INRIAPerson/Train/annotations/crop001256.txt
INRIAPerson/Train/annotations/crop001257.txt
INRIAPerson/Train/annotations/crop001258.txt
INRIAPerson/Train/annotations/crop001259.txt
INRIAPerson/Train/annotations/crop001260.txt
INRIAPerson/Train/annotations/crop001263.txt
INRIAPerson/Train/annotations/crop001264.txt
INRIAPerson/Train/annotations/crop001265.txt
INRIAPerson/Train/annotations/crop001267.txt
INRIAPerson/Train/annotations/crop001268.txt
INRIAPerson/Train/annotations/crop001270.txt
INRIAPerson/Train/annotations/crop001271.txt
INRIAPerson/Train/annotations/crop001272.txt
INRIAPerson/Train/annotations/crop001273.txt
INRIAPerson/Train/annotations/crop001274.txt
INRIAPerson/Train/annotations/crop001275.txt
INRIAPerson/Train/annotations/crop001276.txt
INRIAPerson/Train/annotations/crop001278.txt
INRIAPerson/Train/annotations/crop001500.txt
INRIAPerson/Train/annotations/crop001503.txt
INRIAPerson/Train/annotations/crop001505.txt
INRIAPerson/Train/annotations/crop001506.txt
INRIAPerson/Train/annotations/crop001507.txt
INRIAPerson/Train/annotations/crop001508.txt
INRIAPerson/Train/annotations/crop001509.txt
INRIAPerson/Train/annotations/crop001510.txt
INRIAPerson/Train/annotations/crop001513.txt
INRIAPerson/Train/annotations/crop001515.txt
INRIAPerson/Train/annotations/crop001516.txt
INRIAPerson/Train/annotations/crop001517.txt
INRIAPerson/Train/annotations/crop001518.txt
INRIAPerson/Train/annotations/crop001519.txt
INRIAPerson/Train/annotations/crop001523.txt
INRIAPerson/Train/annotations/crop001524.txt
INRIAPerson/Train/annotations/crop001525.txt
INRIAPerson/Train/annotations/crop001526.txt
INRIAPerson/Train/annotations/crop001527.txt
INRIAPerson/Train/annotations/crop001528.txt
INRIAPerson/Train/annotations/crop001529.txt
INRIAPerson/Train/annotations/crop001530.txt
INRIAPerson/Train/annotations/crop001532.txt
INRIAPerson/Train/annotations/crop001534.txt
INRIAPerson/Train/annotations/crop001536.txt
INRIAPerson/Train/annotations/crop001537.txt
INRIAPerson/Train/annotations/crop001538.txt
INRIAPerson/Train/annotations/crop001539.txt
INRIAPerson/Train/annotations/crop001540.txt
INRIAPerson/Train/annotations/crop001541.txt
INRIAPerson/Train/annotations/crop001542.txt
INRIAPerson/Train/annotations/crop001543.txt
INRIAPerson/Train/annotations/crop001547.txt
INRIAPerson/Train/annotations/crop001548.txt
INRIAPerson/Train/annotations/crop001550.txt
INRIAPerson/Train/annotations/crop001551.txt
INRIAPerson/Train/annotations/crop001552.txt
INRIAPerson/Train/annotations/crop001553.txt
INRIAPerson/Train/annotations/crop001554.txt
INRIAPerson/Train/annotations/crop001556.txt
INRIAPerson/Train/annotations/crop001557.txt
INRIAPerson/Train/annotations/crop001558.txt
INRIAPerson/Train/annotations/crop001559.txt
INRIAPerson/Train/annotations/crop001560.txt
INRIAPerson/Train/annotations/crop001561.txt
INRIAPerson/Train/annotations/crop001562.txt
INRIAPerson/Train/annotations/crop001563.txt
INRIAPerson/Train/annotations/crop001564.txt
INRIAPerson/Train/annotations/crop001565.txt
INRIAPerson/Train/annotations/crop001567.txt
INRIAPerson/Train/annotations/crop001568.txt
INRIAPerson/Train/annotations/crop001569.txt
INRIAPerson/Train/annotations/crop001570.txt
INRIAPerson/Train/annotations/crop001571.txt
INRIAPerson/Train/annotations/crop001572.txt
INRIAPerson/Train/annotations/crop001577.txt
INRIAPerson/Train/annotations/crop001578.txt
INRIAPerson/Train/annotations/crop001579.txt
INRIAPerson/Train/annotations/crop001580.txt
INRIAPerson/Train/annotations/crop001581.txt
INRIAPerson/Train/annotations/crop001582.txt
INRIAPerson/Train/annotations/crop001583.txt
INRIAPerson/Train/annotations/crop001584.txt
INRIAPerson/Train/annotations/crop001589.txt
INRIAPerson/Train/annotations/crop001591.txt
INRIAPerson/Train/annotations/crop001592.txt
INRIAPerson/Train/annotations/crop001594.txt
INRIAPerson/Train/annotations/crop001595.txt
INRIAPerson/Train/annotations/crop001596.txt
INRIAPerson/Train/annotations/crop001597.txt
INRIAPerson/Train/annotations/crop001598.txt
INRIAPerson/Train/annotations/crop001599.txt
INRIAPerson/Train/annotations/crop001600.txt
INRIAPerson/Train/annotations/crop001601.txt
INRIAPerson/Train/annotations/crop001603.txt
INRIAPerson/Train/annotations/crop001605.txt
INRIAPerson/Train/annotations/crop001606.txt
INRIAPerson/Train/annotations/crop001608.txt
INRIAPerson/Train/annotations/crop001609.txt
INRIAPerson/Train/annotations/crop001610.txt
INRIAPerson/Train/annotations/crop001611.txt
INRIAPerson/Train/annotations/crop001612.txt
INRIAPerson/Train/annotations/crop001613.txt
INRIAPerson/Train/annotations/crop001614.txt
INRIAPerson/Train/annotations/crop001615.txt
INRIAPerson/Train/annotations/crop001616.txt
INRIAPerson/Train/annotations/crop001617.txt
INRIAPerson/Train/annotations/crop001618.txt
INRIAPerson/Train/annotations/crop001619.txt
INRIAPerson/Train/annotations/crop001620.txt
INRIAPerson/Train/annotations/crop001621.txt
INRIAPerson/Train/annotations/crop001622.txt
INRIAPerson/Train/annotations/crop001623.txt
INRIAPerson/Train/annotations/crop001624.txt
INRIAPerson/Train/annotations/crop001625.txt
INRIAPerson/Train/annotations/crop001626.txt
INRIAPerson/Train/annotations/crop001627.txt
INRIAPerson/Train/annotations/crop001628.txt
INRIAPerson/Train/annotations/crop001629.txt
INRIAPerson/Train/annotations/crop001630.txt
INRIAPerson/Train/annotations/crop001632.txt
INRIAPerson/Train/annotations/crop001635.txt
INRIAPerson/Train/annotations/crop001636.txt
INRIAPerson/Train/annotations/crop001637.txt
INRIAPerson/Train/annotations/crop001640.txt
INRIAPerson/Train/annotations/crop001642.txt
INRIAPerson/Train/annotations/crop001643.txt
INRIAPerson/Train/annotations/crop001644.txt
INRIAPerson/Train/annotations/crop001646.txt
INRIAPerson/Train/annotations/crop001647.txt
INRIAPerson/Train/annotations/crop001648.txt
INRIAPerson/Train/annotations/crop001649.txt
INRIAPerson/Train/annotations/crop001650.txt
INRIAPerson/Train/annotations/crop001651.txt
INRIAPerson/Train/annotations/crop001652.txt
INRIAPerson/Train/annotations/crop001655.txt
INRIAPerson/Train/annotations/crop001656.txt
INRIAPerson/Train/annotations/crop001657.txt
INRIAPerson/Train/annotations/crop001662.txt
INRIAPerson/Train/annotations/crop001663.txt
INRIAPerson/Train/annotations/crop001665.txt
INRIAPerson/Train/annotations/crop001666.txt
INRIAPerson/Train/annotations/crop001667.txt
INRIAPerson/Train/annotations/crop001668.txt
INRIAPerson/Train/annotations/crop001669.txt
INRIAPerson/Train/annotations/crop001671.txt
INRIAPerson/Train/annotations/crop001672.txt
INRIAPerson/Train/annotations/crop001673.txt
INRIAPerson/Train/annotations/crop001674.txt
INRIAPerson/Train/annotations/crop001675.txt
INRIAPerson/Train/annotations/crop001677.txt
INRIAPerson/Train/annotations/crop001678.txt
INRIAPerson/Train/annotations/crop001679.txt
INRIAPerson/Train/annotations/crop001680.txt
INRIAPerson/Train/annotations/crop001681.txt
INRIAPerson/Train/annotations/crop001685.txt
INRIAPerson/Train/annotations/crop001686.txt
INRIAPerson/Train/annotations/crop001687.txt
INRIAPerson/Train/annotations/crop001689.txt
INRIAPerson/Train/annotations/crop001690.txt
INRIAPerson/Train/annotations/crop001691.txt
INRIAPerson/Train/annotations/crop001692.txt
INRIAPerson/Train/annotations/crop001693.txt
INRIAPerson/Train/annotations/crop001694.txt
INRIAPerson/Train/annotations/crop001695.txt
INRIAPerson/Train/annotations/crop001696.txt
INRIAPerson/Train/annotations/crop001697.txt
INRIAPerson/Train/annotations/crop001698.txt
INRIAPerson/Train/annotations/crop001699.txt
INRIAPerson/Train/annotations/crop001700.txt
INRIAPerson/Train/annotations/crop001701.txt
INRIAPerson/Train/annotations/crop001702.txt
INRIAPerson/Train/annotations/crop001703.txt
INRIAPerson/Train/annotations/crop001705.txt
INRIAPerson/Train/annotations/crop001707.txt
INRIAPerson/Train/annotations/crop001708.txt
INRIAPerson/Train/annotations/crop001709.txt
INRIAPerson/Train/annotations/crop001710.txt
INRIAPerson/Train/annotations/crop001711.txt
INRIAPerson/Train/annotations/crop001712.txt
INRIAPerson/Train/annotations/crop001713.txt
INRIAPerson/Train/annotations/crop001714.txt
INRIAPerson/Train/annotations/crop001717.txt
INRIAPerson/Train/annotations/crop001720.txt
INRIAPerson/Train/annotations/crop001721.txt
INRIAPerson/Train/annotations/crop001806.txt
INRIAPerson/Train/annotations/crop001807.txt
INRIAPerson/Train/annotations/crop001808.txt
INRIAPerson/Train/annotations/crop001809.txt
INRIAPerson/Train/annotations/crop001810.txt
INRIAPerson/Train/annotations/crop001811.txt
INRIAPerson/Train/annotations/crop001812.txt
INRIAPerson/Train/annotations/crop001813.txt
INRIAPerson/Train/annotations/crop001814.txt
INRIAPerson/Train/annotations/crop001815.txt
INRIAPerson/Train/annotations/crop001816.txt
INRIAPerson/Train/annotations/crop001817.txt
INRIAPerson/Train/annotations/crop001818.txt
INRIAPerson/Train/annotations/crop001819.txt
INRIAPerson/Train/annotations/crop001820.txt
INRIAPerson/Train/annotations/crop001823.txt
INRIAPerson/Train/annotations/crop001824.txt
INRIAPerson/Train/annotations/crop001829.txt
INRIAPerson/Train/annotations/crop001830.txt
INRIAPerson/Train/annotations/crop001831.txt
INRIAPerson/Train/annotations/crop001832.txt
INRIAPerson/Train/annotations/crop001833.txt
INRIAPerson/Train/annotations/crop001835.txt
INRIAPerson/Train/annotations/crop001836.txt
INRIAPerson/Train/annotations/crop001837.txt
INRIAPerson/Train/annotations/crop001838.txt
INRIAPerson/Train/annotations/crop001839.txt
INRIAPerson/Train/annotations/crop001840.txt
INRIAPerson/Train/annotations/crop001841.txt
INRIAPerson/Train/annotations/crop001842.txt
INRIAPerson/Train/annotations/crop001843.txt
INRIAPerson/Train/annotations/person_044.txt
INRIAPerson/Train/annotations/person_050.txt
INRIAPerson/Train/annotations/person_060.txt
INRIAPerson/Train/annotations/person_061.txt
INRIAPerson/Train/annotations/person_086.txt
INRIAPerson/Train/annotations/person_091.txt
INRIAPerson/Train/annotations/person_097.txt
INRIAPerson/Train/annotations/person_101.txt
INRIAPerson/Train/annotations/person_102.txt
INRIAPerson/Train/annotations/person_103.txt
INRIAPerson/Train/annotations/person_106.txt
INRIAPerson/Train/annotations/person_111.txt
INRIAPerson/Train/annotations/person_112.txt
INRIAPerson/Train/annotations/person_114.txt
INRIAPerson/Train/annotations/person_117.txt
INRIAPerson/Train/annotations/person_119.txt
INRIAPerson/Train/annotations/person_121.txt
INRIAPerson/Train/annotations/person_124.txt
INRIAPerson/Train/annotations/person_125.txt
INRIAPerson/Train/annotations/person_126.txt
INRIAPerson/Train/annotations/person_128.txt
INRIAPerson/Train/annotations/person_129.txt
INRIAPerson/Train/annotations/person_130.txt
INRIAPerson/Train/annotations/person_131.txt
INRIAPerson/Train/annotations/person_133.txt
INRIAPerson/Train/annotations/person_139.txt
INRIAPerson/Train/annotations/person_141.txt
INRIAPerson/Train/annotations/person_142.txt
INRIAPerson/Train/annotations/person_143.txt
INRIAPerson/Train/annotations/person_156.txt
INRIAPerson/Train/annotations/person_160.txt
INRIAPerson/Train/annotations/person_162.txt
INRIAPerson/Train/annotations/person_165.txt
INRIAPerson/Train/annotations/person_166.txt
INRIAPerson/Train/annotations/person_167.txt
INRIAPerson/Train/annotations/person_168.txt
INRIAPerson/Train/annotations/person_169.txt
INRIAPerson/Train/annotations/person_170.txt
INRIAPerson/Train/annotations/person_171.txt
INRIAPerson/Train/annotations/person_172.txt
INRIAPerson/Train/annotations/person_173.txt
INRIAPerson/Train/annotations/person_174.txt
INRIAPerson/Train/annotations/person_175.txt
INRIAPerson/Train/annotations/person_176.txt
INRIAPerson/Train/annotations/person_177.txt
INRIAPerson/Train/annotations/person_178.txt
INRIAPerson/Train/annotations/person_179.txt
INRIAPerson/Train/annotations/person_181.txt
INRIAPerson/Train/annotations/person_185.txt
INRIAPerson/Train/annotations/person_187.txt
INRIAPerson/Train/annotations/person_195.txt
INRIAPerson/Train/annotations/person_196.txt
INRIAPerson/Train/annotations/person_199.txt
INRIAPerson/Train/annotations/person_201.txt
INRIAPerson/Train/annotations/person_202.txt
INRIAPerson/Train/annotations/person_203.txt
INRIAPerson/Train/annotations/person_208.txt
INRIAPerson/Train/annotations/person_209.txt
INRIAPerson/Train/annotations/person_211.txt
INRIAPerson/Train/annotations/person_214.txt
INRIAPerson/Train/annotations/person_219.txt
INRIAPerson/Train/annotations/person_220.txt
INRIAPerson/Train/annotations/person_221.txt
INRIAPerson/Train/annotations/person_223.txt
INRIAPerson/Train/annotations/person_224.txt
INRIAPerson/Train/annotations/person_225.txt
INRIAPerson/Train/annotations/person_228.txt
INRIAPerson/Train/annotations/person_229.txt
INRIAPerson/Train/annotations/person_231.txt
INRIAPerson/Train/annotations/person_232.txt
INRIAPerson/Train/annotations/person_233.txt
INRIAPerson/Train/annotations/person_234.txt
INRIAPerson/Train/annotations/person_235.txt
INRIAPerson/Train/annotations/person_237.txt
INRIAPerson/Train/annotations/person_238.txt
INRIAPerson/Train/annotations/person_239.txt
INRIAPerson/Train/annotations/person_240.txt
INRIAPerson/Train/annotations/person_241.txt
INRIAPerson/Train/annotations/person_242.txt
INRIAPerson/Train/annotations/person_243.txt
INRIAPerson/Train/annotations/person_244.txt
INRIAPerson/Train/annotations/person_245.txt
INRIAPerson/Train/annotations/person_252.txt
INRIAPerson/Train/annotations/person_253.txt
INRIAPerson/Train/annotations/person_254.txt
INRIAPerson/Train/annotations/person_256.txt
INRIAPerson/Train/annotations/person_257.txt
INRIAPerson/Train/annotations/person_258.txt
INRIAPerson/Train/annotations/person_259.txt
INRIAPerson/Train/annotations/person_260.txt
INRIAPerson/Train/annotations/person_266.txt
INRIAPerson/Train/annotations/person_269.txt
INRIAPerson/Train/annotations/person_270.txt
INRIAPerson/Train/annotations/person_273.txt
INRIAPerson/Train/annotations/person_274.txt
INRIAPerson/Train/annotations/person_275.txt
INRIAPerson/Train/annotations/person_279.txt
INRIAPerson/Train/annotations/person_281.txt
INRIAPerson/Train/annotations/person_283.txt
INRIAPerson/Train/annotations/person_284.txt
INRIAPerson/Train/annotations/person_285.txt
INRIAPerson/Train/annotations/person_286.txt
INRIAPerson/Train/annotations/person_287.txt
INRIAPerson/Train/annotations/person_288.txt
INRIAPerson/Train/annotations/person_289.txt
INRIAPerson/Train/annotations/person_291.txt
INRIAPerson/Train/annotations/person_292.txt
INRIAPerson/Train/annotations/person_294.txt
INRIAPerson/Train/annotations/person_295.txt
INRIAPerson/Train/annotations/person_296.txt
INRIAPerson/Train/annotations/person_297.txt
INRIAPerson/Train/annotations/person_298.txt
INRIAPerson/Train/annotations/person_299.txt
INRIAPerson/Train/annotations/person_300.txt
INRIAPerson/Train/annotations/person_301.txt
INRIAPerson/Train/annotations/person_302.txt
INRIAPerson/Train/annotations/person_304.txt
INRIAPerson/Train/annotations/person_305.txt
INRIAPerson/Train/annotations/person_319.txt
INRIAPerson/Train/annotations/person_320.txt
INRIAPerson/Train/annotations/person_321.txt
INRIAPerson/Train/annotations/person_324.txt
INRIAPerson/Train/annotations/person_327.txt
INRIAPerson/Train/annotations/person_328.txt
INRIAPerson/Train/annotations/person_329.txt
INRIAPerson/Train/annotations/person_331.txt
INRIAPerson/Train/annotations/person_333.txt
INRIAPerson/Train/annotations/person_334.txt
INRIAPerson/Train/annotations/person_339.txt
INRIAPerson/Train/annotations/person_340.txt
INRIAPerson/Train/annotations/person_341.txt
INRIAPerson/Train/annotations/person_342.txt
INRIAPerson/Train/annotations/person_343.txt
INRIAPerson/Train/annotations/person_344.txt
INRIAPerson/Train/annotations/person_346.txt
INRIAPerson/Train/annotations/person_348.txt
INRIAPerson/Train/annotations/person_349.txt
INRIAPerson/Train/annotations/person_356.txt
INRIAPerson/Train/annotations/person_357.txt
INRIAPerson/Train/annotations/person_358.txt
INRIAPerson/Train/annotations/person_376.txt
INRIAPerson/Train/annotations/person_377.txt
INRIAPerson/Train/annotations/person_378.txt
INRIAPerson/Train/annotations/person_387.txt
INRIAPerson/Train/annotations/person_395.txt
INRIAPerson/Train/annotations/person_414.txt
INRIAPerson/Train/annotations/person_425.txt
INRIAPerson/Train/annotations/person_and_bike_002.txt
INRIAPerson/Train/annotations/person_and_bike_003.txt
INRIAPerson/Train/annotations/person_and_bike_005.txt
INRIAPerson/Train/annotations/person_and_bike_007.txt
INRIAPerson/Train/annotations/person_and_bike_008.txt
INRIAPerson/Train/annotations/person_and_bike_009.txt
INRIAPerson/Train/annotations/person_and_bike_010.txt
INRIAPerson/Train/annotations/person_and_bike_011.txt
INRIAPerson/Train/annotations/person_and_bike_013.txt
INRIAPerson/Train/annotations/person_and_bike_015.txt
INRIAPerson/Train/annotations/person_and_bike_016.txt
INRIAPerson/Train/annotations/person_and_bike_017.txt
INRIAPerson/Train/annotations/person_and_bike_019.txt
INRIAPerson/Train/annotations/person_and_bike_020.txt
INRIAPerson/Train/annotations/person_and_bike_021.txt
INRIAPerson/Train/annotations/person_and_bike_022.txt
INRIAPerson/Train/annotations/person_and_bike_023.txt
INRIAPerson/Train/annotations/person_and_bike_026.txt
INRIAPerson/Train/annotations/person_and_bike_030.txt
INRIAPerson/Train/annotations/person_and_bike_031.txt
INRIAPerson/Train/annotations/person_and_bike_033.txt
INRIAPerson/Train/annotations/person_and_bike_034.txt
INRIAPerson/Train/annotations/person_and_bike_036.txt
INRIAPerson/Train/annotations/person_and_bike_039.txt
INRIAPerson/Train/annotations/person_and_bike_040.txt
INRIAPerson/Train/annotations/person_and_bike_074.txt
INRIAPerson/Train/annotations/person_and_bike_075.txt
INRIAPerson/Train/annotations/person_and_bike_078.txt
INRIAPerson/Train/annotations/person_and_bike_117.txt
INRIAPerson/Train/annotations/person_and_bike_118.txt
INRIAPerson/Train/annotations/person_and_bike_119.txt
INRIAPerson/Train/annotations/person_and_bike_120.txt
INRIAPerson/Train/annotations/person_and_bike_121.txt
INRIAPerson/Train/annotations/person_and_bike_123.txt
INRIAPerson/Train/annotations/person_and_bike_124.txt
INRIAPerson/Train/annotations/person_and_bike_125.txt
INRIAPerson/Train/annotations/person_and_bike_127.txt
INRIAPerson/Train/annotations/person_and_bike_128.txt
INRIAPerson/Train/annotations/person_and_bike_129.txt
INRIAPerson/Train/annotations/person_and_bike_130.txt
INRIAPerson/Train/annotations/person_and_bike_132.txt
INRIAPerson/Train/annotations/person_and_bike_134.txt
INRIAPerson/Train/annotations/person_and_bike_135.txt
INRIAPerson/Train/annotations/person_and_bike_137.txt
INRIAPerson/Train/annotations/person_and_bike_138.txt
INRIAPerson/Train/annotations/person_and_bike_139.txt
INRIAPerson/Train/annotations/person_and_bike_142.txt
INRIAPerson/Train/annotations/person_and_bike_143.txt
INRIAPerson/Train/annotations/person_and_bike_146.txt
INRIAPerson/Train/annotations/person_and_bike_147.txt
INRIAPerson/Train/annotations/person_and_bike_148.txt
INRIAPerson/Train/annotations/person_and_bike_150.txt
INRIAPerson/Train/annotations/person_and_bike_151.txt
INRIAPerson/Train/annotations/person_and_bike_152.txt
INRIAPerson/Train/annotations/person_and_bike_155.txt
INRIAPerson/Train/annotations/person_and_bike_156.txt
INRIAPerson/Train/annotations/person_and_bike_157.txt
INRIAPerson/Train/annotations/person_and_bike_166.txt
INRIAPerson/Train/annotations/person_and_bike_191.txt
INRIAPerson/Train/annotations/person_and_bike_207.txt
INRIAPerson/Train/annotations/person_and_bike_208.txt
INRIAPerson/Train/annotations/person_and_bike_209.txt
