INRIAPerson/Test/pos/crop_000001.png
INRIAPerson/Test/pos/crop_000002.png
INRIAPerson/Test/pos/crop_000003.png
INRIAPerson/Test/pos/crop_000004.png
INRIAPerson/Test/pos/crop_000005.png
INRIAPerson/Test/pos/crop_000006.png
INRIAPerson/Test/pos/crop_000007.png
INRIAPerson/Test/pos/crop_000008.png
INRIAPerson/Test/pos/crop_000009.png
INRIAPerson/Test/pos/crop_000012.png
INRIAPerson/Test/pos/crop_000013.png
INRIAPerson/Test/pos/crop_000015.png
INRIAPerson/Test/pos/crop_000016.png
INRIAPerson/Test/pos/crop_000017.png
INRIAPerson/Test/pos/crop_000018.png
INRIAPerson/Test/pos/crop_000019.png
INRIAPerson/Test/pos/crop_000020.png
INRIAPerson/Test/pos/crop_000021.png
INRIAPerson/Test/pos/crop_000023.png
INRIAPerson/Test/pos/crop_000024.png
INRIAPerson/Test/pos/crop_000025.png
INRIAPerson/Test/pos/crop_000026.png
INRIAPerson/Test/pos/crop_000027.png
INRIAPerson/Test/pos/crop_000604.png
INRIAPerson/Test/pos/crop001501.png
INRIAPerson/Test/pos/crop001504.png
INRIAPerson/Test/pos/crop001511.png
INRIAPerson/Test/pos/crop001512.png
INRIAPerson/Test/pos/crop001514.png
INRIAPerson/Test/pos/crop001520.png
INRIAPerson/Test/pos/crop001521.png
INRIAPerson/Test/pos/crop001522.png
INRIAPerson/Test/pos/crop001531.png
INRIAPerson/Test/pos/crop001533.png
INRIAPerson/Test/pos/crop001544.png
INRIAPerson/Test/pos/crop001545.png
INRIAPerson/Test/pos/crop001546.png
INRIAPerson/Test/pos/crop001549.png
INRIAPerson/Test/pos/crop001555.png
INRIAPerson/Test/pos/crop001566.png
INRIAPerson/Test/pos/crop001573.png
INRIAPerson/Test/pos/crop001574.png
INRIAPerson/Test/pos/crop001590.png
INRIAPerson/Test/pos/crop001593.png
INRIAPerson/Test/pos/crop001602.png
INRIAPerson/Test/pos/crop001604.png
INRIAPerson/Test/pos/crop001607.png
INRIAPerson/Test/pos/crop001631.png
INRIAPerson/Test/pos/crop001633.png
INRIAPerson/Test/pos/crop001634.png
INRIAPerson/Test/pos/crop001638.png
INRIAPerson/Test/pos/crop001639.png
INRIAPerson/Test/pos/crop001641.png
INRIAPerson/Test/pos/crop001653.png
INRIAPerson/Test/pos/crop001654.png
INRIAPerson/Test/pos/crop001658.png
INRIAPerson/Test/pos/crop001659.png
INRIAPerson/Test/pos/crop001660.png
INRIAPerson/Test/pos/crop001661.png
INRIAPerson/Test/pos/crop001664.png
INRIAPerson/Test/pos/crop001670.png
INRIAPerson/Test/pos/crop001676.png
INRIAPerson/Test/pos/crop001682.png
INRIAPerson/Test/pos/crop001683.png
INRIAPerson/Test/pos/crop001684.png
INRIAPerson/Test/pos/crop001688.png
INRIAPerson/Test/pos/crop001704.png
INRIAPerson/Test/pos/crop001706.png
INRIAPerson/Test/pos/crop001715.png
INRIAPerson/Test/pos/crop001716.png
INRIAPerson/Test/pos/crop001718.png
INRIAPerson/Test/pos/crop001719.png
INRIAPerson/Test/pos/crop001722.png
INRIAPerson/Test/pos/crop001723.png
INRIAPerson/Test/pos/crop001724.png
INRIAPerson/Test/pos/crop001725.png
INRIAPerson/Test/pos/person_007.png
INRIAPerson/Test/pos/person_008.png
INRIAPerson/Test/pos/person_009.png
INRIAPerson/Test/pos/person_010.png
INRIAPerson/Test/pos/person_011.png
INRIAPerson/Test/pos/person_012.png
INRIAPerson/Test/pos/person_013.png
INRIAPerson/Test/pos/person_014.png
INRIAPerson/Test/pos/person_015.png
INRIAPerson/Test/pos/person_026.png
INRIAPerson/Test/pos/person_028.png
INRIAPerson/Test/pos/person_029.png
INRIAPerson/Test/pos/person_030.png
INRIAPerson/Test/pos/person_032.png
INRIAPerson/Test/pos/person_033.png
INRIAPerson/Test/pos/person_034.png
INRIAPerson/Test/pos/person_036.png
INRIAPerson/Test/pos/person_037.png
INRIAPerson/Test/pos/person_038.png
INRIAPerson/Test/pos/person_039.png
INRIAPerson/Test/pos/person_040.png
INRIAPerson/Test/pos/person_051.png
INRIAPerson/Test/pos/person_052.png
INRIAPerson/Test/pos/person_053.png
INRIAPerson/Test/pos/person_055.png
INRIAPerson/Test/pos/person_056.png
INRIAPerson/Test/pos/person_058.png
INRIAPerson/Test/pos/person_059.png
INRIAPerson/Test/pos/person_062.png
INRIAPerson/Test/pos/person_063.png
INRIAPerson/Test/pos/person_064.png
INRIAPerson/Test/pos/person_065.png
INRIAPerson/Test/pos/person_070.png
INRIAPerson/Test/pos/person_071.png
INRIAPerson/Test/pos/person_073.png
INRIAPerson/Test/pos/person_075.png
INRIAPerson/Test/pos/person_076.png
INRIAPerson/Test/pos/person_085.png
INRIAPerson/Test/pos/person_087.png
INRIAPerson/Test/pos/person_088.png
INRIAPerson/Test/pos/person_089.png
INRIAPerson/Test/pos/person_090.png
INRIAPerson/Test/pos/person_092.png
INRIAPerson/Test/pos/person_093.png
INRIAPerson/Test/pos/person_094.png
INRIAPerson/Test/pos/person_095.png
INRIAPerson/Test/pos/person_096.png
INRIAPerson/Test/pos/person_098.png
INRIAPerson/Test/pos/person_099.png
INRIAPerson/Test/pos/person_100.png
INRIAPerson/Test/pos/person_104.png
INRIAPerson/Test/pos/person_105.png
INRIAPerson/Test/pos/person_107.png
INRIAPerson/Test/pos/person_115.png
INRIAPerson/Test/pos/person_118.png
INRIAPerson/Test/pos/person_120.png
INRIAPerson/Test/pos/person_122.png
INRIAPerson/Test/pos/person_127.png
INRIAPerson/Test/pos/person_132.png
INRIAPerson/Test/pos/person_134.png
INRIAPerson/Test/pos/person_135.png
INRIAPerson/Test/pos/person_136.png
INRIAPerson/Test/pos/person_137.png
INRIAPerson/Test/pos/person_138.png
INRIAPerson/Test/pos/person_159.png
INRIAPerson/Test/pos/person_161.png
INRIAPerson/Test/pos/person_164.png
INRIAPerson/Test/pos/person_186.png
INRIAPerson/Test/pos/person_188.png
INRIAPerson/Test/pos/person_189.png
INRIAPerson/Test/pos/person_190.png
INRIAPerson/Test/pos/person_191.png
INRIAPerson/Test/pos/person_193.png
INRIAPerson/Test/pos/person_194.png
INRIAPerson/Test/pos/person_198.png
INRIAPerson/Test/pos/person_200.png
INRIAPerson/Test/pos/person_204.png
INRIAPerson/Test/pos/person_206.png
INRIAPerson/Test/pos/person_207.png
INRIAPerson/Test/pos/person_210.png
INRIAPerson/Test/pos/person_212.png
INRIAPerson/Test/pos/person_216.png
INRIAPerson/Test/pos/person_217.png
INRIAPerson/Test/pos/person_218.png
INRIAPerson/Test/pos/person_222.png
INRIAPerson/Test/pos/person_230.png
INRIAPerson/Test/pos/person_236.png
INRIAPerson/Test/pos/person_246.png
INRIAPerson/Test/pos/person_247.png
INRIAPerson/Test/pos/person_248.png
INRIAPerson/Test/pos/person_249.png
INRIAPerson/Test/pos/person_250.png
INRIAPerson/Test/pos/person_251.png
INRIAPerson/Test/pos/person_255.png
INRIAPerson/Test/pos/person_263.png
INRIAPerson/Test/pos/person_265.png
INRIAPerson/Test/pos/person_272.png
INRIAPerson/Test/pos/person_280.png
INRIAPerson/Test/pos/person_282.png
INRIAPerson/Test/pos/person_290.png
INRIAPerson/Test/pos/person_293.png
INRIAPerson/Test/pos/person_303.png
INRIAPerson/Test/pos/person_306.png
INRIAPerson/Test/pos/person_314.png
INRIAPerson/Test/pos/person_315.png
INRIAPerson/Test/pos/person_316.png
INRIAPerson/Test/pos/person_317.png
INRIAPerson/Test/pos/person_318.png
INRIAPerson/Test/pos/person_323.png
INRIAPerson/Test/pos/person_325.png
INRIAPerson/Test/pos/person_335.png
INRIAPerson/Test/pos/person_336.png
INRIAPerson/Test/pos/person_337.png
INRIAPerson/Test/pos/person_347.png
INRIAPerson/Test/pos/person_350.png
INRIAPerson/Test/pos/person_and_bike_004.png
INRIAPerson/Test/pos/person_and_bike_006.png
INRIAPerson/Test/pos/person_and_bike_012.png
INRIAPerson/Test/pos/person_and_bike_014.png
INRIAPerson/Test/pos/person_and_bike_027.png
INRIAPerson/Test/pos/person_and_bike_028.png
INRIAPerson/Test/pos/person_and_bike_029.png
INRIAPerson/Test/pos/person_and_bike_035.png
INRIAPerson/Test/pos/person_and_bike_038.png
INRIAPerson/Test/pos/person_and_bike_042.png
INRIAPerson/Test/pos/person_and_bike_043.png
INRIAPerson/Test/pos/person_and_bike_044.png
INRIAPerson/Test/pos/person_and_bike_045.png
INRIAPerson/Test/pos/person_and_bike_046.png
INRIAPerson/Test/pos/person_and_bike_047.png
INRIAPerson/Test/pos/person_and_bike_048.png
INRIAPerson/Test/pos/person_and_bike_049.png
INRIAPerson/Test/pos/person_and_bike_050.png
INRIAPerson/Test/pos/person_and_bike_051.png
INRIAPerson/Test/pos/person_and_bike_052.png
INRIAPerson/Test/pos/person_and_bike_053.png
INRIAPerson/Test/pos/person_and_bike_054.png
INRIAPerson/Test/pos/person_and_bike_055.png
INRIAPerson/Test/pos/person_and_bike_056.png
INRIAPerson/Test/pos/person_and_bike_057.png
INRIAPerson/Test/pos/person_and_bike_058.png
INRIAPerson/Test/pos/person_and_bike_059.png
INRIAPerson/Test/pos/person_and_bike_060.png
INRIAPerson/Test/pos/person_and_bike_061.png
INRIAPerson/Test/pos/person_and_bike_062.png
INRIAPerson/Test/pos/person_and_bike_063.png
INRIAPerson/Test/pos/person_and_bike_064.png
INRIAPerson/Test/pos/person_and_bike_065.png
INRIAPerson/Test/pos/person_and_bike_066.png
INRIAPerson/Test/pos/person_and_bike_067.png
INRIAPerson/Test/pos/person_and_bike_069.png
INRIAPerson/Test/pos/person_and_bike_070.png
INRIAPerson/Test/pos/person_and_bike_071.png
INRIAPerson/Test/pos/person_and_bike_072.png
INRIAPerson/Test/pos/person_and_bike_073.png
INRIAPerson/Test/pos/person_and_bike_076.png
INRIAPerson/Test/pos/person_and_bike_077.png
INRIAPerson/Test/pos/person_and_bike_079.png
INRIAPerson/Test/pos/person_and_bike_080.png
INRIAPerson/Test/pos/person_and_bike_081.png
INRIAPerson/Test/pos/person_and_bike_082.png
INRIAPerson/Test/pos/person_and_bike_083.png
INRIAPerson/Test/pos/person_and_bike_084.png
INRIAPerson/Test/pos/person_and_bike_085.png
INRIAPerson/Test/pos/person_and_bike_086.png
INRIAPerson/Test/pos/person_and_bike_087.png
INRIAPerson/Test/pos/person_and_bike_088.png
INRIAPerson/Test/pos/person_and_bike_089.png
INRIAPerson/Test/pos/person_and_bike_090.png
INRIAPerson/Test/pos/person_and_bike_091.png
INRIAPerson/Test/pos/person_and_bike_092.png
INRIAPerson/Test/pos/person_and_bike_093.png
INRIAPerson/Test/pos/person_and_bike_094.png
INRIAPerson/Test/pos/person_and_bike_095.png
INRIAPerson/Test/pos/person_and_bike_096.png
INRIAPerson/Test/pos/person_and_bike_097.png
INRIAPerson/Test/pos/person_and_bike_098.png
INRIAPerson/Test/pos/person_and_bike_099.png
INRIAPerson/Test/pos/person_and_bike_100.png
INRIAPerson/Test/pos/person_and_bike_101.png
INRIAPerson/Test/pos/person_and_bike_102.png
INRIAPerson/Test/pos/person_and_bike_103.png
INRIAPerson/Test/pos/person_and_bike_104.png
INRIAPerson/Test/pos/person_and_bike_105.png
INRIAPerson/Test/pos/person_and_bike_106.png
INRIAPerson/Test/pos/person_and_bike_107.png
INRIAPerson/Test/pos/person_and_bike_108.png
INRIAPerson/Test/pos/person_and_bike_109.png
INRIAPerson/Test/pos/person_and_bike_110.png
INRIAPerson/Test/pos/person_and_bike_111.png
INRIAPerson/Test/pos/person_and_bike_112.png
INRIAPerson/Test/pos/person_and_bike_113.png
INRIAPerson/Test/pos/person_and_bike_114.png
INRIAPerson/Test/pos/person_and_bike_126.png
INRIAPerson/Test/pos/person_and_bike_133.png
INRIAPerson/Test/pos/person_and_bike_136.png
INRIAPerson/Test/pos/person_and_bike_140.png
INRIAPerson/Test/pos/person_and_bike_141.png
INRIAPerson/Test/pos/person_and_bike_149.png
INRIAPerson/Test/pos/person_and_bike_153.png
INRIAPerson/Test/pos/person_and_bike_159.png
INRIAPerson/Test/pos/person_and_bike_160.png
INRIAPerson/Test/pos/person_and_bike_161.png
INRIAPerson/Test/pos/person_and_bike_162.png
INRIAPerson/Test/pos/person_and_bike_163.png
INRIAPerson/Test/pos/person_and_bike_164.png
INRIAPerson/Test/pos/person_and_bike_165.png
INRIAPerson/Test/pos/person_and_bike_177.png
INRIAPerson/Test/pos/person_and_bike_181.png
INRIAPerson/Test/pos/person_and_bike_188.png
INRIAPerson/Test/pos/person_and_bike_189.png
INRIAPerson/Test/pos/person_and_bike_190.png
